{
  "version": "1.5.0",
  "plugins_used": [
    {
      "name": "ArtifactoryDetector"
    },
    {
      "name": "AWSKeyDetector"
    },
    {
      "name": "AzureStorageKeyDetector"
    },
    {
      "name": "Base64HighEntropyString",
      "limit": 4.5
    },
    {
      "name": "BasicAuthDetector"
    },
    {
      "name": "CloudantDetector"
    },
    {
      "name": "DiscordBotTokenDetector"
    },
    {
      "name": "GitHubTokenDetector"
    },
    {
      "name": "GitLabTokenDetector"
    },
    {
      "name": "HexHighEntropyString",
      "limit": 3.0
    },
    {
      "name": "IbmCloudIamDetector"
    },
    {
      "name": "IbmCosHmacDetector"
    },
    {
      "name": "IPPublicDetector"
    },
    {
      "name": "JwtTokenDetector"
    },
    {
      "name": "KeywordDetector",
      "keyword_exclude": ""
    },
    {
      "name": "MailchimpDetector"
    },
    {
      "name": "NpmDetector"
    },
    {
      "name": "OpenAIDetector"
    },
    {
      "name": "PrivateKeyDetector"
    },
    {
      "name": "PypiTokenDetector"
    },
    {
      "name": "SendGridDetector"
    },
    {
      "name": "SlackDetector"
    },
    {
      "name": "SoftlayerDetector"
    },
    {
      "name": "SquareOAuthDetector"
    },
    {
      "name": "StripeDetector"
    },
    {
      "name": "TelegramBotTokenDetector"
    },
    {
      "name": "TwilioKeyDetector"
    }
  ],
  "filters_used": [
    {
      "path": "detect_secrets.filters.allowlist.is_line_allowlisted"
    },
    {
      "path": "detect_secrets.filters.common.is_baseline_file",
      "filename": ".secrets.baseline"
    },
    {
      "path": "detect_secrets.filters.common.is_ignored_due_to_verification_policies",
      "min_level": 2
    },
    {
      "path": "detect_secrets.filters.heuristic.is_indirect_reference"
    },
    {
      "path": "detect_secrets.filters.heuristic.is_likely_id_string"
    },
    {
      "path": "detect_secrets.filters.heuristic.is_lock_file"
    },
    {
      "path": "detect_secrets.filters.heuristic.is_not_alphanumeric_string"
    },
    {
      "path": "detect_secrets.filters.heuristic.is_potential_uuid"
    },
    {
      "path": "detect_secrets.filters.heuristic.is_prefixed_with_dollar_sign"
    },
    {
      "path": "detect_secrets.filters.heuristic.is_sequential_string"
    },
    {
      "path": "detect_secrets.filters.heuristic.is_swagger_file"
    },
    {
      "path": "detect_secrets.filters.heuristic.is_templated_secret"
    },
    {
      "path": "detect_secrets.filters.regex.should_exclude_file",
      "pattern": [
        "sandboxcom_github_rsa|sandboxcom_github_rsa.pub"
      ]
    }
  ],
  "results": {
    "docs/azure-iam-setup.md": [
      {
        "type": "Secret Keyword",
        "filename": "docs/azure-iam-setup.md",
        "hashed_secret": "d92490a1457d8b0712a85fe018b3e9fd781816a7",
        "is_verified": false,
        "line_number": 179
      }
    ],
    "docs/configuration.md": [
      {
        "type": "Basic Auth Credentials",
        "filename": "docs/configuration.md",
        "hashed_secret": "9d4e1e23bd5b727046a9e3b4b7db57bd8d6ee684",
        "is_verified": false,
        "line_number": 63
      },
      {
        "type": "Basic Auth Credentials",
        "filename": "docs/configuration.md",
        "hashed_secret": "5baa61e4c9b93f3f0682250b6cf8331b7ee68fd8",
        "is_verified": false,
        "line_number": 228
      }
    ],
    "docs/model-setup.md": [
      {
        "type": "Secret Keyword",
        "filename": "docs/model-setup.md",
        "hashed_secret": "ec3810e10fb78db55ce38b9c18d1c3eb1db739e0",
        "is_verified": false,
        "line_number": 16
      },
      {
        "type": "Secret Keyword",
        "filename": "docs/model-setup.md",
        "hashed_secret": "02ecb94373bfb3dfe827ca18409f50b016e8302a",
        "is_verified": false,
        "line_number": 29
      },
      {
        "type": "Secret Keyword",
        "filename": "docs/model-setup.md",
        "hashed_secret": "befdf43f48b2dba77336604f6248a2a660a4bc48",
        "is_verified": false,
        "line_number": 82
      },
      {
        "type": "Secret Keyword",
        "filename": "docs/model-setup.md",
        "hashed_secret": "5264067a1346e7acfebddbe220bd0369dfe8f3b7",
        "is_verified": false,
        "line_number": 97
      },
      {
        "type": "Secret Keyword",
        "filename": "docs/model-setup.md",
        "hashed_secret": "0654a028e5aea48c8fbb09871b8f397a186c883b",
        "is_verified": false,
        "line_number": 156
      }
    ],
    "docs/quickstart.md": [
      {
        "type": "Basic Auth Credentials",
        "filename": "docs/quickstart.md",
        "hashed_secret": "5baa61e4c9b93f3f0682250b6cf8331b7ee68fd8",
        "is_verified": false,
        "line_number": 66
      }
    ],
    "playbooks/cosign_key_generate.yml": [
      {
        "type": "Secret Keyword",
        "filename": "playbooks/cosign_key_generate.yml",
        "hashed_secret": "9ae68b33acccc9dcdd9c20db2d76f484dd31ce1e",
        "is_verified": false,
        "line_number": 30
      }
    ],
    "tests/e2e/test_hot_reload_e2e.py": [
      {
        "type": "Secret Keyword",
        "filename": "tests/e2e/test_hot_reload_e2e.py",
        "hashed_secret": "ec14684b9b882e2aa9abdc4960c720050287e8eb",
        "is_verified": false,
        "line_number": 569
      },
      {
        "type": "Secret Keyword",
        "filename": "tests/e2e/test_hot_reload_e2e.py",
        "hashed_secret": "dd65c1b4b3e66e765523873bd29cf5d6d6838189",
        "is_verified": false,
        "line_number": 1110
      }
    ],
    "tests/e2e/test_mcp_integration.py": [
      {
        "type": "Secret Keyword",
        "filename": "tests/e2e/test_mcp_integration.py",
        "hashed_secret": "a94a8fe5ccb19ba61c4c0873d391e987982fbbd3",
        "is_verified": false,
        "line_number": 47
      }
    ],
    "tests/e2e/test_obj13_validation_audit.py": [
      {
        "type": "Base64 High Entropy String",
        "filename": "tests/e2e/test_obj13_validation_audit.py",
        "hashed_secret": "edd2e7ac4f61d0c606e80a0919d727540842a307",
        "is_verified": false,
        "line_number": 180
      },
      {
        "type": "Secret Keyword",
        "filename": "tests/e2e/test_obj13_validation_audit.py",
        "hashed_secret": "edd2e7ac4f61d0c606e80a0919d727540842a307",
        "is_verified": false,
        "line_number": 180
      },
      {
        "type": "GitHub Token",
        "filename": "tests/e2e/test_obj13_validation_audit.py",
        "hashed_secret": "e175c6f5f2a92e8623bd9a4820edb4e8c1b0fd10",
        "is_verified": false,
        "line_number": 231
      }
    ],
    "tests/unit/test_ara.py": [
      {
        "type": "Basic Auth Credentials",
        "filename": "tests/unit/test_ara.py",
        "hashed_secret": "9d4e1e23bd5b727046a9e3b4b7db57bd8d6ee684",
        "is_verified": false,
        "line_number": 24
      }
    ],
    "tests/unit/test_cli_execution_coverage.py": [
      {
        "type": "Secret Keyword",
        "filename": "tests/unit/test_cli_execution_coverage.py",
        "hashed_secret": "02ecb94373bfb3dfe827ca18409f50b016e8302a",
        "is_verified": false,
        "line_number": 795
      }
    ],
    "tests/unit/test_compute_launch_and_remote_slurm.py": [
      {
        "type": "Secret Keyword",
        "filename": "tests/unit/test_compute_launch_and_remote_slurm.py",
        "hashed_secret": "77fdb69e80170dc3a1a74702481d462052a47c14",
        "is_verified": false,
        "line_number": 184
      },
      {
        "type": "Secret Keyword",
        "filename": "tests/unit/test_compute_launch_and_remote_slurm.py",
        "hashed_secret": "584f3ae6b03df2f5d377bef9ee65ad0e967fd509",
        "is_verified": false,
        "line_number": 208
      },
      {
        "type": "Secret Keyword",
        "filename": "tests/unit/test_compute_launch_and_remote_slurm.py",
        "hashed_secret": "8956265d216d474a080edaa97880d37fc1386f33",
        "is_verified": false,
        "line_number": 466
      },
      {
        "type": "Secret Keyword",
        "filename": "tests/unit/test_compute_launch_and_remote_slurm.py",
        "hashed_secret": "f2b14f68eb995facb3a1c35287b778d5bd785511",
        "is_verified": false,
        "line_number": 471
      },
      {
        "type": "Secret Keyword",
        "filename": "tests/unit/test_compute_launch_and_remote_slurm.py",
        "hashed_secret": "6fa9ef3e1ca98742c99c8e49547257a75e9d8c41",
        "is_verified": false,
        "line_number": 487
      },
      {
        "type": "Secret Keyword",
        "filename": "tests/unit/test_compute_launch_and_remote_slurm.py",
        "hashed_secret": "fe1bae27cb7c1fb823f496f286e78f1d2ae87734",
        "is_verified": false,
        "line_number": 492
      }
    ],
    "tests/unit/test_cosign_gitsign.py": [
      {
        "type": "Private Key",
        "filename": "tests/unit/test_cosign_gitsign.py",
        "hashed_secret": "1348b145fa1a555461c1b790a2f66614781091e9",
        "is_verified": false,
        "line_number": 40
      },
      {
        "type": "Private Key",
        "filename": "tests/unit/test_cosign_gitsign.py",
        "hashed_secret": "f0778f3e140a61d5bbbed5430773e52af2f5fba4",
        "is_verified": false,
        "line_number": 57
      },
      {
        "type": "Secret Keyword",
        "filename": "tests/unit/test_cosign_gitsign.py",
        "hashed_secret": "789cbe0407840b1c2041cb33452ff60f19bf58cc",
        "is_verified": false,
        "line_number": 122
      }
    ],
    "tests/unit/test_cosign_gitsign_wiring.py": [
      {
        "type": "Secret Keyword",
        "filename": "tests/unit/test_cosign_gitsign_wiring.py",
        "hashed_secret": "084e87ed5fa0f3bbb28ccd6283e2dd1811b38edd",
        "is_verified": false,
        "line_number": 49
      }
    ],
    "tests/unit/test_db_migrations.py": [
      {
        "type": "Basic Auth Credentials",
        "filename": "tests/unit/test_db_migrations.py",
        "hashed_secret": "9d4e1e23bd5b727046a9e3b4b7db57bd8d6ee684",
        "is_verified": false,
        "line_number": 33
      }
    ],
    "tests/unit/test_db_url_composition.py": [
      {
        "type": "Secret Keyword",
        "filename": "tests/unit/test_db_url_composition.py",
        "hashed_secret": "e5e9fa1ba31ecd1ae84f75caaa474f3a663f05f4",
        "is_verified": false,
        "line_number": 16
      },
      {
        "type": "Basic Auth Credentials",
        "filename": "tests/unit/test_db_url_composition.py",
        "hashed_secret": "9d4e1e23bd5b727046a9e3b4b7db57bd8d6ee684",
        "is_verified": false,
        "line_number": 42
      }
    ],
    "tests/unit/test_env_secrets.py": [
      {
        "type": "Secret Keyword",
        "filename": "tests/unit/test_env_secrets.py",
        "hashed_secret": "24d710aa4c9c617b8f62f70d83210e07294254a8",
        "is_verified": false,
        "line_number": 16
      }
    ],
    "tests/unit/test_git_automation_coverage.py": [
      {
        "type": "Hex High Entropy String",
        "filename": "tests/unit/test_git_automation_coverage.py",
        "hashed_secret": "90bd1b48e958257948487b90bee080ba5ed00caa",
        "is_verified": false,
        "line_number": 105
      },
      {
        "type": "Hex High Entropy String",
        "filename": "tests/unit/test_git_automation_coverage.py",
        "hashed_secret": "ddac9d88c224b59388ab6552b5531130c71e0264",
        "is_verified": false,
        "line_number": 160
      }
    ],
    "tests/unit/test_infra_compute.py": [
      {
        "type": "Secret Keyword",
        "filename": "tests/unit/test_infra_compute.py",
        "hashed_secret": "1cdc9979e5891e14d2084fde7705a43b745b3784",
        "is_verified": false,
        "line_number": 73
      },
      {
        "type": "Secret Keyword",
        "filename": "tests/unit/test_infra_compute.py",
        "hashed_secret": "d92490a1457d8b0712a85fe018b3e9fd781816a7",
        "is_verified": false,
        "line_number": 103
      }
    ],
    "tests/unit/test_mcp_secrets.py": [
      {
        "type": "Secret Keyword",
        "filename": "tests/unit/test_mcp_secrets.py",
        "hashed_secret": "5f354a82d0504ddfc81cf4b64d33f85508e82dac",
        "is_verified": false,
        "line_number": 56
      },
      {
        "type": "Secret Keyword",
        "filename": "tests/unit/test_mcp_secrets.py",
        "hashed_secret": "31cb8ed5f6dec1bc6d402ac4df7615c42f292423",
        "is_verified": false,
        "line_number": 67
      },
      {
        "type": "Secret Keyword",
        "filename": "tests/unit/test_mcp_secrets.py",
        "hashed_secret": "684ba6c0ced5b3129992f2d52b407e479a604e38",
        "is_verified": false,
        "line_number": 74
      }
    ],
    "tests/unit/test_openrouter_discovery.py": [
      {
        "type": "Secret Keyword",
        "filename": "tests/unit/test_openrouter_discovery.py",
        "hashed_secret": "3acfb2c2b433c0ea7ff107e33df91b18e52f960f",
        "is_verified": false,
        "line_number": 141
      },
      {
        "type": "Secret Keyword",
        "filename": "tests/unit/test_openrouter_discovery.py",
        "hashed_secret": "48854c46907b8f99e4c4c711f3fb7336a93bc290",
        "is_verified": false,
        "line_number": 174
      },
      {
        "type": "Secret Keyword",
        "filename": "tests/unit/test_openrouter_discovery.py",
        "hashed_secret": "ec417f567082612f8fd6afafe1abcab831fca840",
        "is_verified": false,
        "line_number": 386
      }
    ],
    "tests/unit/test_provider_auth.py": [
      {
        "type": "Secret Keyword",
        "filename": "tests/unit/test_provider_auth.py",
        "hashed_secret": "d92490a1457d8b0712a85fe018b3e9fd781816a7",
        "is_verified": false,
        "line_number": 37
      },
      {
        "type": "Secret Keyword",
        "filename": "tests/unit/test_provider_auth.py",
        "hashed_secret": "f2a87ddf40a4a5b8eab123a28d94ae7e94a7e6fd",
        "is_verified": false,
        "line_number": 86
      },
      {
        "type": "Secret Keyword",
        "filename": "tests/unit/test_provider_auth.py",
        "hashed_secret": "dbdab9be92cacdae6a97e8601332bfaa8545800f",
        "is_verified": false,
        "line_number": 180
      },
      {
        "type": "Secret Keyword",
        "filename": "tests/unit/test_provider_auth.py",
        "hashed_secret": "a18e494088a49758c88c9969b0a87c66e7e9d730",
        "is_verified": false,
        "line_number": 190
      }
    ],
    "tests/unit/test_response_cache.py": [
      {
        "type": "Secret Keyword",
        "filename": "tests/unit/test_response_cache.py",
        "hashed_secret": "3acfb2c2b433c0ea7ff107e33df91b18e52f960f",
        "is_verified": false,
        "line_number": 121
      }
    ],
    "tests/unit/test_runtime_packaging.py": [
      {
        "type": "Hex High Entropy String",
        "filename": "tests/unit/test_runtime_packaging.py",
        "hashed_secret": "90bd1b48e958257948487b90bee080ba5ed00caa",
        "is_verified": false,
        "line_number": 359
      }
    ],
    "tests/unit/test_secrets.py": [
      {
        "type": "Secret Keyword",
        "filename": "tests/unit/test_secrets.py",
        "hashed_secret": "f3bbbd66a63d4bf1747940578ec3d0103530e21d",
        "is_verified": false,
        "line_number": 112
      }
    ],
    "tests/unit/test_secrets_wiring_startup.py": [
      {
        "type": "Secret Keyword",
        "filename": "tests/unit/test_secrets_wiring_startup.py",
        "hashed_secret": "f10317c27ca4d2ef628b2690766ceca20f8668ac",
        "is_verified": false,
        "line_number": 41
      },
      {
        "type": "Secret Keyword",
        "filename": "tests/unit/test_secrets_wiring_startup.py",
        "hashed_secret": "69dba6dfc0be932d10cdbfaae770c300cd7e0e3c",
        "is_verified": false,
        "line_number": 110
      }
    ],
    "tests/unit/test_tui_extracted_builders.py": [
      {
        "type": "Hex High Entropy String",
        "filename": "tests/unit/test_tui_extracted_builders.py",
        "hashed_secret": "90bd1b48e958257948487b90bee080ba5ed00caa",
        "is_verified": false,
        "line_number": 362
      }
    ],
    "tests/unit/test_user_config.py": [
      {
        "type": "Secret Keyword",
        "filename": "tests/unit/test_user_config.py",
        "hashed_secret": "e5e9fa1ba31ecd1ae84f75caaa474f3a663f05f4",
        "is_verified": false,
        "line_number": 51
      }
    ]
  },
  "generated_at": "2026-06-12T22:08:00Z"
}
