{
  "version": "1.5.0",
  "plugins_used": [
    {
      "name": "ArtifactoryDetector"
    },
    {
      "name": "AWSKeyDetector"
    },
    {
      "name": "AzureStorageKeyDetector"
    },
    {
      "name": "Base64HighEntropyString",
      "limit": 4.5
    },
    {
      "name": "BasicAuthDetector"
    },
    {
      "name": "CloudantDetector"
    },
    {
      "name": "DiscordBotTokenDetector"
    },
    {
      "name": "GitHubTokenDetector"
    },
    {
      "name": "GitLabTokenDetector"
    },
    {
      "name": "HexHighEntropyString",
      "limit": 3.0
    },
    {
      "name": "IbmCloudIamDetector"
    },
    {
      "name": "IbmCosHmacDetector"
    },
    {
      "name": "IPPublicDetector"
    },
    {
      "name": "JwtTokenDetector"
    },
    {
      "name": "KeywordDetector",
      "keyword_exclude": ""
    },
    {
      "name": "MailchimpDetector"
    },
    {
      "name": "NpmDetector"
    },
    {
      "name": "OpenAIDetector"
    },
    {
      "name": "PrivateKeyDetector"
    },
    {
      "name": "PypiTokenDetector"
    },
    {
      "name": "SendGridDetector"
    },
    {
      "name": "SlackDetector"
    },
    {
      "name": "SoftlayerDetector"
    },
    {
      "name": "SquareOAuthDetector"
    },
    {
      "name": "StripeDetector"
    },
    {
      "name": "TelegramBotTokenDetector"
    },
    {
      "name": "TwilioKeyDetector"
    }
  ],
  "filters_used": [
    {
      "path": "detect_secrets.filters.allowlist.is_line_allowlisted"
    },
    {
      "path": "detect_secrets.filters.common.is_baseline_file",
      "filename": ".secrets.baseline"
    },
    {
      "path": "detect_secrets.filters.common.is_ignored_due_to_verification_policies",
      "min_level": 2
    },
    {
      "path": "detect_secrets.filters.heuristic.is_indirect_reference"
    },
    {
      "path": "detect_secrets.filters.heuristic.is_likely_id_string"
    },
    {
      "path": "detect_secrets.filters.heuristic.is_lock_file"
    },
    {
      "path": "detect_secrets.filters.heuristic.is_not_alphanumeric_string"
    },
    {
      "path": "detect_secrets.filters.heuristic.is_potential_uuid"
    },
    {
      "path": "detect_secrets.filters.heuristic.is_prefixed_with_dollar_sign"
    },
    {
      "path": "detect_secrets.filters.heuristic.is_sequential_string"
    },
    {
      "path": "detect_secrets.filters.heuristic.is_swagger_file"
    },
    {
      "path": "detect_secrets.filters.heuristic.is_templated_secret"
    },
    {
      "path": "detect_secrets.filters.regex.should_exclude_file",
      "pattern": [
        "sandboxcom_github_rsa|sandboxcom_github_rsa.pub"
      ]
    }
  ],
  "results": {
    ".secrets.baseline": [
      {
        "type": "Hex High Entropy String",
        "filename": ".secrets.baseline",
        "hashed_secret": "8c551a52513f3cf1b43bc51a9e46f10c73936f4d",
        "is_verified": false,
        "line_number": 140
      },
      {
        "type": "Secret Keyword",
        "filename": ".secrets.baseline",
        "hashed_secret": "8c551a52513f3cf1b43bc51a9e46f10c73936f4d",
        "is_verified": false,
        "line_number": 140
      },
      {
        "type": "Hex High Entropy String",
        "filename": ".secrets.baseline",
        "hashed_secret": "46d3a0289ef342c49f3ea9bebc425d0b87ca13ff",
        "is_verified": false,
        "line_number": 154
      },
      {
        "type": "Secret Keyword",
        "filename": ".secrets.baseline",
        "hashed_secret": "46d3a0289ef342c49f3ea9bebc425d0b87ca13ff",
        "is_verified": false,
        "line_number": 154
      },
      {
        "type": "Hex High Entropy String",
        "filename": ".secrets.baseline",
        "hashed_secret": "9034c84e3c3f60a123ed79052dd2dea47476b9dd",
        "is_verified": false,
        "line_number": 168
      },
      {
        "type": "Secret Keyword",
        "filename": ".secrets.baseline",
        "hashed_secret": "9034c84e3c3f60a123ed79052dd2dea47476b9dd",
        "is_verified": false,
        "line_number": 168
      },
      {
        "type": "Hex High Entropy String",
        "filename": ".secrets.baseline",
        "hashed_secret": "0d92619ff0e661ed8cfb6935d46ee40231f81a4b",
        "is_verified": false,
        "line_number": 182
      },
      {
        "type": "Secret Keyword",
        "filename": ".secrets.baseline",
        "hashed_secret": "0d92619ff0e661ed8cfb6935d46ee40231f81a4b",
        "is_verified": false,
        "line_number": 182
      },
      {
        "type": "Hex High Entropy String",
        "filename": ".secrets.baseline",
        "hashed_secret": "ad96d7c1c8252dd4530a4e3b365f0cd29d3358b9",
        "is_verified": false,
        "line_number": 196
      },
      {
        "type": "Secret Keyword",
        "filename": ".secrets.baseline",
        "hashed_secret": "ad96d7c1c8252dd4530a4e3b365f0cd29d3358b9",
        "is_verified": false,
        "line_number": 196
      },
      {
        "type": "Hex High Entropy String",
        "filename": ".secrets.baseline",
        "hashed_secret": "2111cadea4ad873956eecd5f38bd900a156e4ac5",
        "is_verified": false,
        "line_number": 210
      },
      {
        "type": "Secret Keyword",
        "filename": ".secrets.baseline",
        "hashed_secret": "2111cadea4ad873956eecd5f38bd900a156e4ac5",
        "is_verified": false,
        "line_number": 210
      },
      {
        "type": "Hex High Entropy String",
        "filename": ".secrets.baseline",
        "hashed_secret": "aba07ff631b1c0653c55d169f12776ab80ed7ec4",
        "is_verified": false,
        "line_number": 224
      },
      {
        "type": "Secret Keyword",
        "filename": ".secrets.baseline",
        "hashed_secret": "aba07ff631b1c0653c55d169f12776ab80ed7ec4",
        "is_verified": false,
        "line_number": 224
      },
      {
        "type": "Hex High Entropy String",
        "filename": ".secrets.baseline",
        "hashed_secret": "962a9355d5332a2c55ebd794e78496b608c7b11d",
        "is_verified": false,
        "line_number": 238
      },
      {
        "type": "Secret Keyword",
        "filename": ".secrets.baseline",
        "hashed_secret": "962a9355d5332a2c55ebd794e78496b608c7b11d",
        "is_verified": false,
        "line_number": 238
      },
      {
        "type": "Hex High Entropy String",
        "filename": ".secrets.baseline",
        "hashed_secret": "aacbc65d7fcd971e067fd89d262e8731753dc5b8",
        "is_verified": false,
        "line_number": 252
      },
      {
        "type": "Secret Keyword",
        "filename": ".secrets.baseline",
        "hashed_secret": "aacbc65d7fcd971e067fd89d262e8731753dc5b8",
        "is_verified": false,
        "line_number": 252
      },
      {
        "type": "Hex High Entropy String",
        "filename": ".secrets.baseline",
        "hashed_secret": "ba0ee3e976502975d8e814c0fe83fd22af0ca486",
        "is_verified": false,
        "line_number": 266
      },
      {
        "type": "Secret Keyword",
        "filename": ".secrets.baseline",
        "hashed_secret": "ba0ee3e976502975d8e814c0fe83fd22af0ca486",
        "is_verified": false,
        "line_number": 266
      },
      {
        "type": "Hex High Entropy String",
        "filename": ".secrets.baseline",
        "hashed_secret": "84cb15079fe0d9e19e01a8526f9602be9fa10e3c",
        "is_verified": false,
        "line_number": 280
      },
      {
        "type": "Secret Keyword",
        "filename": ".secrets.baseline",
        "hashed_secret": "84cb15079fe0d9e19e01a8526f9602be9fa10e3c",
        "is_verified": false,
        "line_number": 280
      },
      {
        "type": "Hex High Entropy String",
        "filename": ".secrets.baseline",
        "hashed_secret": "4786de433a390b35a80b3b387cb3a33b3c482cc3",
        "is_verified": false,
        "line_number": 294
      },
      {
        "type": "Secret Keyword",
        "filename": ".secrets.baseline",
        "hashed_secret": "4786de433a390b35a80b3b387cb3a33b3c482cc3",
        "is_verified": false,
        "line_number": 294
      },
      {
        "type": "Hex High Entropy String",
        "filename": ".secrets.baseline",
        "hashed_secret": "223d00066ca53ea029c8286a5b4221070baed6ad",
        "is_verified": false,
        "line_number": 308
      },
      {
        "type": "Secret Keyword",
        "filename": ".secrets.baseline",
        "hashed_secret": "223d00066ca53ea029c8286a5b4221070baed6ad",
        "is_verified": false,
        "line_number": 308
      },
      {
        "type": "Hex High Entropy String",
        "filename": ".secrets.baseline",
        "hashed_secret": "a75a4b24d2fda5b9a72a5318cf59dd76c2a2b300",
        "is_verified": false,
        "line_number": 322
      },
      {
        "type": "Secret Keyword",
        "filename": ".secrets.baseline",
        "hashed_secret": "a75a4b24d2fda5b9a72a5318cf59dd76c2a2b300",
        "is_verified": false,
        "line_number": 322
      },
      {
        "type": "Hex High Entropy String",
        "filename": ".secrets.baseline",
        "hashed_secret": "df343839e26c2a400b93492346f57a4961777e36",
        "is_verified": false,
        "line_number": 336
      },
      {
        "type": "Secret Keyword",
        "filename": ".secrets.baseline",
        "hashed_secret": "df343839e26c2a400b93492346f57a4961777e36",
        "is_verified": false,
        "line_number": 336
      },
      {
        "type": "Hex High Entropy String",
        "filename": ".secrets.baseline",
        "hashed_secret": "87df98c0146ff366e012bfc7e55cc632ecb4e16f",
        "is_verified": false,
        "line_number": 350
      },
      {
        "type": "Secret Keyword",
        "filename": ".secrets.baseline",
        "hashed_secret": "87df98c0146ff366e012bfc7e55cc632ecb4e16f",
        "is_verified": false,
        "line_number": 350
      },
      {
        "type": "Hex High Entropy String",
        "filename": ".secrets.baseline",
        "hashed_secret": "611c5b8dd1dd8dbd8c79bfb50ba38dfc26ef5948",
        "is_verified": false,
        "line_number": 364
      },
      {
        "type": "Secret Keyword",
        "filename": ".secrets.baseline",
        "hashed_secret": "611c5b8dd1dd8dbd8c79bfb50ba38dfc26ef5948",
        "is_verified": false,
        "line_number": 364
      },
      {
        "type": "Hex High Entropy String",
        "filename": ".secrets.baseline",
        "hashed_secret": "eba67965425aa26c5eed60bd9355db8b0d5ce88a",
        "is_verified": false,
        "line_number": 378
      },
      {
        "type": "Secret Keyword",
        "filename": ".secrets.baseline",
        "hashed_secret": "eba67965425aa26c5eed60bd9355db8b0d5ce88a",
        "is_verified": false,
        "line_number": 378
      },
      {
        "type": "Hex High Entropy String",
        "filename": ".secrets.baseline",
        "hashed_secret": "2e5127fe2fe391b59a5d73c29e5a15343ad0201c",
        "is_verified": false,
        "line_number": 392
      },
      {
        "type": "Secret Keyword",
        "filename": ".secrets.baseline",
        "hashed_secret": "2e5127fe2fe391b59a5d73c29e5a15343ad0201c",
        "is_verified": false,
        "line_number": 392
      },
      {
        "type": "Hex High Entropy String",
        "filename": ".secrets.baseline",
        "hashed_secret": "4e69d22f30a18dc72d5d941be3c5ffa05add1463",
        "is_verified": false,
        "line_number": 406
      },
      {
        "type": "Secret Keyword",
        "filename": ".secrets.baseline",
        "hashed_secret": "4e69d22f30a18dc72d5d941be3c5ffa05add1463",
        "is_verified": false,
        "line_number": 406
      },
      {
        "type": "Hex High Entropy String",
        "filename": ".secrets.baseline",
        "hashed_secret": "c7ea503eddb4a1990d667c1e1f6cca93100a7faf",
        "is_verified": false,
        "line_number": 420
      },
      {
        "type": "Secret Keyword",
        "filename": ".secrets.baseline",
        "hashed_secret": "c7ea503eddb4a1990d667c1e1f6cca93100a7faf",
        "is_verified": false,
        "line_number": 420
      },
      {
        "type": "Hex High Entropy String",
        "filename": ".secrets.baseline",
        "hashed_secret": "74abaa570a86b1e04cae7a3191586cb0b1497515",
        "is_verified": false,
        "line_number": 434
      },
      {
        "type": "Secret Keyword",
        "filename": ".secrets.baseline",
        "hashed_secret": "74abaa570a86b1e04cae7a3191586cb0b1497515",
        "is_verified": false,
        "line_number": 434
      },
      {
        "type": "Hex High Entropy String",
        "filename": ".secrets.baseline",
        "hashed_secret": "cfddb5b0257dc3c18ed987a0ec31368c42c8a8eb",
        "is_verified": false,
        "line_number": 448
      },
      {
        "type": "Secret Keyword",
        "filename": ".secrets.baseline",
        "hashed_secret": "cfddb5b0257dc3c18ed987a0ec31368c42c8a8eb",
        "is_verified": false,
        "line_number": 448
      },
      {
        "type": "Hex High Entropy String",
        "filename": ".secrets.baseline",
        "hashed_secret": "28d40dda9d81bc16d5f421ec0dc84b2928f0c59b",
        "is_verified": false,
        "line_number": 462
      },
      {
        "type": "Secret Keyword",
        "filename": ".secrets.baseline",
        "hashed_secret": "28d40dda9d81bc16d5f421ec0dc84b2928f0c59b",
        "is_verified": false,
        "line_number": 462
      },
      {
        "type": "Hex High Entropy String",
        "filename": ".secrets.baseline",
        "hashed_secret": "4d99809ebab40e87156e0b6011b372dfa6044012",
        "is_verified": false,
        "line_number": 476
      },
      {
        "type": "Secret Keyword",
        "filename": ".secrets.baseline",
        "hashed_secret": "4d99809ebab40e87156e0b6011b372dfa6044012",
        "is_verified": false,
        "line_number": 476
      },
      {
        "type": "Hex High Entropy String",
        "filename": ".secrets.baseline",
        "hashed_secret": "d576e0beec0aa559b7948b09c855ce7eb5368c8e",
        "is_verified": false,
        "line_number": 490
      },
      {
        "type": "Secret Keyword",
        "filename": ".secrets.baseline",
        "hashed_secret": "d576e0beec0aa559b7948b09c855ce7eb5368c8e",
        "is_verified": false,
        "line_number": 490
      },
      {
        "type": "Hex High Entropy String",
        "filename": ".secrets.baseline",
        "hashed_secret": "83ceb6ab8390b0b36f5403039196922a6fa9e159",
        "is_verified": false,
        "line_number": 504
      },
      {
        "type": "Secret Keyword",
        "filename": ".secrets.baseline",
        "hashed_secret": "83ceb6ab8390b0b36f5403039196922a6fa9e159",
        "is_verified": false,
        "line_number": 504
      },
      {
        "type": "Hex High Entropy String",
        "filename": ".secrets.baseline",
        "hashed_secret": "54856416df8ed54d56327a7c8f0b99fd93ecff4c",
        "is_verified": false,
        "line_number": 518
      },
      {
        "type": "Secret Keyword",
        "filename": ".secrets.baseline",
        "hashed_secret": "54856416df8ed54d56327a7c8f0b99fd93ecff4c",
        "is_verified": false,
        "line_number": 518
      },
      {
        "type": "Hex High Entropy String",
        "filename": ".secrets.baseline",
        "hashed_secret": "ec7b00f27ea36878b5b437adde65ff48b020662d",
        "is_verified": false,
        "line_number": 532
      },
      {
        "type": "Secret Keyword",
        "filename": ".secrets.baseline",
        "hashed_secret": "ec7b00f27ea36878b5b437adde65ff48b020662d",
        "is_verified": false,
        "line_number": 532
      },
      {
        "type": "Hex High Entropy String",
        "filename": ".secrets.baseline",
        "hashed_secret": "46ce02a356f44615adb41e76e97d4c6739fb29df",
        "is_verified": false,
        "line_number": 546
      },
      {
        "type": "Secret Keyword",
        "filename": ".secrets.baseline",
        "hashed_secret": "46ce02a356f44615adb41e76e97d4c6739fb29df",
        "is_verified": false,
        "line_number": 546
      },
      {
        "type": "Hex High Entropy String",
        "filename": ".secrets.baseline",
        "hashed_secret": "98782f18329267978c2591b2a97ce51e0e76fcc9",
        "is_verified": false,
        "line_number": 560
      },
      {
        "type": "Secret Keyword",
        "filename": ".secrets.baseline",
        "hashed_secret": "98782f18329267978c2591b2a97ce51e0e76fcc9",
        "is_verified": false,
        "line_number": 560
      },
      {
        "type": "Hex High Entropy String",
        "filename": ".secrets.baseline",
        "hashed_secret": "fd317c91208bd105126e4313a57bcb2171b80758",
        "is_verified": false,
        "line_number": 574
      },
      {
        "type": "Secret Keyword",
        "filename": ".secrets.baseline",
        "hashed_secret": "fd317c91208bd105126e4313a57bcb2171b80758",
        "is_verified": false,
        "line_number": 574
      },
      {
        "type": "Hex High Entropy String",
        "filename": ".secrets.baseline",
        "hashed_secret": "f484d2d16ad6fa81ef5ca55cc23e3304e6dc5476",
        "is_verified": false,
        "line_number": 588
      },
      {
        "type": "Secret Keyword",
        "filename": ".secrets.baseline",
        "hashed_secret": "f484d2d16ad6fa81ef5ca55cc23e3304e6dc5476",
        "is_verified": false,
        "line_number": 588
      },
      {
        "type": "Hex High Entropy String",
        "filename": ".secrets.baseline",
        "hashed_secret": "1109ec88830981ac40262670693580a57e9301ec",
        "is_verified": false,
        "line_number": 602
      },
      {
        "type": "Secret Keyword",
        "filename": ".secrets.baseline",
        "hashed_secret": "1109ec88830981ac40262670693580a57e9301ec",
        "is_verified": false,
        "line_number": 602
      },
      {
        "type": "Hex High Entropy String",
        "filename": ".secrets.baseline",
        "hashed_secret": "003756cd802b80ee4957e05ed2e1b34ea822a26a",
        "is_verified": false,
        "line_number": 616
      },
      {
        "type": "Secret Keyword",
        "filename": ".secrets.baseline",
        "hashed_secret": "003756cd802b80ee4957e05ed2e1b34ea822a26a",
        "is_verified": false,
        "line_number": 616
      },
      {
        "type": "Hex High Entropy String",
        "filename": ".secrets.baseline",
        "hashed_secret": "4b0cd741dc7033c5d08f067b947b88e3afc5fc33",
        "is_verified": false,
        "line_number": 630
      },
      {
        "type": "Secret Keyword",
        "filename": ".secrets.baseline",
        "hashed_secret": "4b0cd741dc7033c5d08f067b947b88e3afc5fc33",
        "is_verified": false,
        "line_number": 630
      },
      {
        "type": "Hex High Entropy String",
        "filename": ".secrets.baseline",
        "hashed_secret": "47fe72babb39b4470cff4f8ea59a91eef5ed2a65",
        "is_verified": false,
        "line_number": 644
      },
      {
        "type": "Secret Keyword",
        "filename": ".secrets.baseline",
        "hashed_secret": "47fe72babb39b4470cff4f8ea59a91eef5ed2a65",
        "is_verified": false,
        "line_number": 644
      },
      {
        "type": "Hex High Entropy String",
        "filename": ".secrets.baseline",
        "hashed_secret": "339c61a35e13edec523689af2dfa61c39080f58f",
        "is_verified": false,
        "line_number": 658
      },
      {
        "type": "Secret Keyword",
        "filename": ".secrets.baseline",
        "hashed_secret": "339c61a35e13edec523689af2dfa61c39080f58f",
        "is_verified": false,
        "line_number": 658
      },
      {
        "type": "Hex High Entropy String",
        "filename": ".secrets.baseline",
        "hashed_secret": "ce5b910d0d7926af6f8b0cc792831b2b87c06a02",
        "is_verified": false,
        "line_number": 672
      },
      {
        "type": "Secret Keyword",
        "filename": ".secrets.baseline",
        "hashed_secret": "ce5b910d0d7926af6f8b0cc792831b2b87c06a02",
        "is_verified": false,
        "line_number": 672
      },
      {
        "type": "Hex High Entropy String",
        "filename": ".secrets.baseline",
        "hashed_secret": "722cbcd04b04d808ce8cde521d4c8bb7d6abe36c",
        "is_verified": false,
        "line_number": 686
      },
      {
        "type": "Secret Keyword",
        "filename": ".secrets.baseline",
        "hashed_secret": "722cbcd04b04d808ce8cde521d4c8bb7d6abe36c",
        "is_verified": false,
        "line_number": 686
      },
      {
        "type": "Hex High Entropy String",
        "filename": ".secrets.baseline",
        "hashed_secret": "acea93adafd6fc18904524b27403281aa8281d33",
        "is_verified": false,
        "line_number": 700
      },
      {
        "type": "Secret Keyword",
        "filename": ".secrets.baseline",
        "hashed_secret": "acea93adafd6fc18904524b27403281aa8281d33",
        "is_verified": false,
        "line_number": 700
      },
      {
        "type": "Hex High Entropy String",
        "filename": ".secrets.baseline",
        "hashed_secret": "689587b902ae5bce8d586a0b7db084e49a6c71d9",
        "is_verified": false,
        "line_number": 714
      },
      {
        "type": "Secret Keyword",
        "filename": ".secrets.baseline",
        "hashed_secret": "689587b902ae5bce8d586a0b7db084e49a6c71d9",
        "is_verified": false,
        "line_number": 714
      },
      {
        "type": "Hex High Entropy String",
        "filename": ".secrets.baseline",
        "hashed_secret": "c76a235efede81bdf7dfcebea8b9712cbdbaf7e9",
        "is_verified": false,
        "line_number": 728
      },
      {
        "type": "Secret Keyword",
        "filename": ".secrets.baseline",
        "hashed_secret": "c76a235efede81bdf7dfcebea8b9712cbdbaf7e9",
        "is_verified": false,
        "line_number": 728
      },
      {
        "type": "Hex High Entropy String",
        "filename": ".secrets.baseline",
        "hashed_secret": "31427a24fdf6a3753b9e9630ae3e0f960edcd61d",
        "is_verified": false,
        "line_number": 742
      },
      {
        "type": "Secret Keyword",
        "filename": ".secrets.baseline",
        "hashed_secret": "31427a24fdf6a3753b9e9630ae3e0f960edcd61d",
        "is_verified": false,
        "line_number": 742
      },
      {
        "type": "Hex High Entropy String",
        "filename": ".secrets.baseline",
        "hashed_secret": "be63e77e3635d40434e664584fefaecfa8483157",
        "is_verified": false,
        "line_number": 756
      },
      {
        "type": "Secret Keyword",
        "filename": ".secrets.baseline",
        "hashed_secret": "be63e77e3635d40434e664584fefaecfa8483157",
        "is_verified": false,
        "line_number": 756
      },
      {
        "type": "Hex High Entropy String",
        "filename": ".secrets.baseline",
        "hashed_secret": "297eedf88052d5d0bb50a8c9d747473eafdd5cb8",
        "is_verified": false,
        "line_number": 770
      },
      {
        "type": "Secret Keyword",
        "filename": ".secrets.baseline",
        "hashed_secret": "297eedf88052d5d0bb50a8c9d747473eafdd5cb8",
        "is_verified": false,
        "line_number": 770
      },
      {
        "type": "Hex High Entropy String",
        "filename": ".secrets.baseline",
        "hashed_secret": "5be8d77c3e6455c23034fc23526b037946335255",
        "is_verified": false,
        "line_number": 784
      },
      {
        "type": "Secret Keyword",
        "filename": ".secrets.baseline",
        "hashed_secret": "5be8d77c3e6455c23034fc23526b037946335255",
        "is_verified": false,
        "line_number": 784
      },
      {
        "type": "Hex High Entropy String",
        "filename": ".secrets.baseline",
        "hashed_secret": "8e8857ddd1c3d180bb2135f19a65d3553d4d5a19",
        "is_verified": false,
        "line_number": 798
      },
      {
        "type": "Secret Keyword",
        "filename": ".secrets.baseline",
        "hashed_secret": "8e8857ddd1c3d180bb2135f19a65d3553d4d5a19",
        "is_verified": false,
        "line_number": 798
      },
      {
        "type": "Hex High Entropy String",
        "filename": ".secrets.baseline",
        "hashed_secret": "2c2a80ad550f6467a8970ce5a612ff48d4ee1d3d",
        "is_verified": false,
        "line_number": 812
      },
      {
        "type": "Secret Keyword",
        "filename": ".secrets.baseline",
        "hashed_secret": "2c2a80ad550f6467a8970ce5a612ff48d4ee1d3d",
        "is_verified": false,
        "line_number": 812
      },
      {
        "type": "Hex High Entropy String",
        "filename": ".secrets.baseline",
        "hashed_secret": "a97d70aa72203ce7be225fb4798d7f83ed88ec6d",
        "is_verified": false,
        "line_number": 826
      },
      {
        "type": "Secret Keyword",
        "filename": ".secrets.baseline",
        "hashed_secret": "a97d70aa72203ce7be225fb4798d7f83ed88ec6d",
        "is_verified": false,
        "line_number": 826
      },
      {
        "type": "Hex High Entropy String",
        "filename": ".secrets.baseline",
        "hashed_secret": "836f9768f35d93f476430df76331bd54e1f1658b",
        "is_verified": false,
        "line_number": 840
      },
      {
        "type": "Secret Keyword",
        "filename": ".secrets.baseline",
        "hashed_secret": "836f9768f35d93f476430df76331bd54e1f1658b",
        "is_verified": false,
        "line_number": 840
      },
      {
        "type": "Hex High Entropy String",
        "filename": ".secrets.baseline",
        "hashed_secret": "17629ec289076e1981a33080fefea92150652f8a",
        "is_verified": false,
        "line_number": 854
      },
      {
        "type": "Secret Keyword",
        "filename": ".secrets.baseline",
        "hashed_secret": "17629ec289076e1981a33080fefea92150652f8a",
        "is_verified": false,
        "line_number": 854
      },
      {
        "type": "Hex High Entropy String",
        "filename": ".secrets.baseline",
        "hashed_secret": "97b2e1ccd800b56c2fbb8fda0699d2c7aca94685",
        "is_verified": false,
        "line_number": 868
      },
      {
        "type": "Secret Keyword",
        "filename": ".secrets.baseline",
        "hashed_secret": "97b2e1ccd800b56c2fbb8fda0699d2c7aca94685",
        "is_verified": false,
        "line_number": 868
      },
      {
        "type": "Hex High Entropy String",
        "filename": ".secrets.baseline",
        "hashed_secret": "d5731416bceeb825d85e811b83809a204d8d5c0b",
        "is_verified": false,
        "line_number": 882
      },
      {
        "type": "Secret Keyword",
        "filename": ".secrets.baseline",
        "hashed_secret": "d5731416bceeb825d85e811b83809a204d8d5c0b",
        "is_verified": false,
        "line_number": 882
      },
      {
        "type": "Hex High Entropy String",
        "filename": ".secrets.baseline",
        "hashed_secret": "b2c2a9ca41e220a80237ea3f484b92af0b7c7223",
        "is_verified": false,
        "line_number": 896
      },
      {
        "type": "Secret Keyword",
        "filename": ".secrets.baseline",
        "hashed_secret": "b2c2a9ca41e220a80237ea3f484b92af0b7c7223",
        "is_verified": false,
        "line_number": 896
      },
      {
        "type": "Hex High Entropy String",
        "filename": ".secrets.baseline",
        "hashed_secret": "358dee4168c22ed434bf322725503686a2575052",
        "is_verified": false,
        "line_number": 910
      },
      {
        "type": "Secret Keyword",
        "filename": ".secrets.baseline",
        "hashed_secret": "358dee4168c22ed434bf322725503686a2575052",
        "is_verified": false,
        "line_number": 910
      },
      {
        "type": "Hex High Entropy String",
        "filename": ".secrets.baseline",
        "hashed_secret": "a0a75b33cae590860dc48911f32efca642c4c41a",
        "is_verified": false,
        "line_number": 924
      },
      {
        "type": "Secret Keyword",
        "filename": ".secrets.baseline",
        "hashed_secret": "a0a75b33cae590860dc48911f32efca642c4c41a",
        "is_verified": false,
        "line_number": 924
      },
      {
        "type": "Hex High Entropy String",
        "filename": ".secrets.baseline",
        "hashed_secret": "c4630d05ac3ffd099fdb02373ca70ac9ac183930",
        "is_verified": false,
        "line_number": 938
      },
      {
        "type": "Secret Keyword",
        "filename": ".secrets.baseline",
        "hashed_secret": "c4630d05ac3ffd099fdb02373ca70ac9ac183930",
        "is_verified": false,
        "line_number": 938
      },
      {
        "type": "Hex High Entropy String",
        "filename": ".secrets.baseline",
        "hashed_secret": "2e06a22b2b62e8e89bec7e9002cee9df672fb8c7",
        "is_verified": false,
        "line_number": 952
      },
      {
        "type": "Secret Keyword",
        "filename": ".secrets.baseline",
        "hashed_secret": "2e06a22b2b62e8e89bec7e9002cee9df672fb8c7",
        "is_verified": false,
        "line_number": 952
      },
      {
        "type": "Hex High Entropy String",
        "filename": ".secrets.baseline",
        "hashed_secret": "d8f59b481ec2eb79ad5d66cc3281fe639ff12692",
        "is_verified": false,
        "line_number": 966
      },
      {
        "type": "Secret Keyword",
        "filename": ".secrets.baseline",
        "hashed_secret": "d8f59b481ec2eb79ad5d66cc3281fe639ff12692",
        "is_verified": false,
        "line_number": 966
      },
      {
        "type": "Hex High Entropy String",
        "filename": ".secrets.baseline",
        "hashed_secret": "4f73e13042afab65a295a5d460ae2a9cddc9347a",
        "is_verified": false,
        "line_number": 980
      },
      {
        "type": "Secret Keyword",
        "filename": ".secrets.baseline",
        "hashed_secret": "4f73e13042afab65a295a5d460ae2a9cddc9347a",
        "is_verified": false,
        "line_number": 980
      },
      {
        "type": "Hex High Entropy String",
        "filename": ".secrets.baseline",
        "hashed_secret": "482fda11bd18ca03e9dbe5d6cf483ea12f7ebcd9",
        "is_verified": false,
        "line_number": 994
      },
      {
        "type": "Secret Keyword",
        "filename": ".secrets.baseline",
        "hashed_secret": "482fda11bd18ca03e9dbe5d6cf483ea12f7ebcd9",
        "is_verified": false,
        "line_number": 994
      },
      {
        "type": "Hex High Entropy String",
        "filename": ".secrets.baseline",
        "hashed_secret": "01dce7a320887db1263086eb6a2860dbd52bcef0",
        "is_verified": false,
        "line_number": 1008
      },
      {
        "type": "Secret Keyword",
        "filename": ".secrets.baseline",
        "hashed_secret": "01dce7a320887db1263086eb6a2860dbd52bcef0",
        "is_verified": false,
        "line_number": 1008
      },
      {
        "type": "Hex High Entropy String",
        "filename": ".secrets.baseline",
        "hashed_secret": "904df2f75fa06e74000e9f0ea8e3363de1aeabae",
        "is_verified": false,
        "line_number": 1022
      },
      {
        "type": "Secret Keyword",
        "filename": ".secrets.baseline",
        "hashed_secret": "904df2f75fa06e74000e9f0ea8e3363de1aeabae",
        "is_verified": false,
        "line_number": 1022
      },
      {
        "type": "Hex High Entropy String",
        "filename": ".secrets.baseline",
        "hashed_secret": "884f2b9c9b37107a216e1319bd7d3a7fb8b8180e",
        "is_verified": false,
        "line_number": 1036
      },
      {
        "type": "Secret Keyword",
        "filename": ".secrets.baseline",
        "hashed_secret": "884f2b9c9b37107a216e1319bd7d3a7fb8b8180e",
        "is_verified": false,
        "line_number": 1036
      },
      {
        "type": "Hex High Entropy String",
        "filename": ".secrets.baseline",
        "hashed_secret": "32f586d67f249e4ce8fe3bc398a567edb9520f0b",
        "is_verified": false,
        "line_number": 1050
      },
      {
        "type": "Secret Keyword",
        "filename": ".secrets.baseline",
        "hashed_secret": "32f586d67f249e4ce8fe3bc398a567edb9520f0b",
        "is_verified": false,
        "line_number": 1050
      },
      {
        "type": "Hex High Entropy String",
        "filename": ".secrets.baseline",
        "hashed_secret": "5690d81b8ace9c2eadb8dbd78b3c8004494e3634",
        "is_verified": false,
        "line_number": 1064
      },
      {
        "type": "Secret Keyword",
        "filename": ".secrets.baseline",
        "hashed_secret": "5690d81b8ace9c2eadb8dbd78b3c8004494e3634",
        "is_verified": false,
        "line_number": 1064
      },
      {
        "type": "Hex High Entropy String",
        "filename": ".secrets.baseline",
        "hashed_secret": "e6638183d0610dd8298d18f6408a5b4d99f05fb7",
        "is_verified": false,
        "line_number": 1078
      },
      {
        "type": "Secret Keyword",
        "filename": ".secrets.baseline",
        "hashed_secret": "e6638183d0610dd8298d18f6408a5b4d99f05fb7",
        "is_verified": false,
        "line_number": 1078
      },
      {
        "type": "Hex High Entropy String",
        "filename": ".secrets.baseline",
        "hashed_secret": "9f91770b30c7b4418e41fe9c36f19cbbfa8a41b9",
        "is_verified": false,
        "line_number": 1092
      },
      {
        "type": "Secret Keyword",
        "filename": ".secrets.baseline",
        "hashed_secret": "9f91770b30c7b4418e41fe9c36f19cbbfa8a41b9",
        "is_verified": false,
        "line_number": 1092
      },
      {
        "type": "Hex High Entropy String",
        "filename": ".secrets.baseline",
        "hashed_secret": "6d0a9bc3621ed64811b32b553718a1fb07e24931",
        "is_verified": false,
        "line_number": 1106
      },
      {
        "type": "Secret Keyword",
        "filename": ".secrets.baseline",
        "hashed_secret": "6d0a9bc3621ed64811b32b553718a1fb07e24931",
        "is_verified": false,
        "line_number": 1106
      },
      {
        "type": "Hex High Entropy String",
        "filename": ".secrets.baseline",
        "hashed_secret": "fea6e2dfecd39ba01ac6be4e4b51aeb7e82e9eb3",
        "is_verified": false,
        "line_number": 1120
      },
      {
        "type": "Secret Keyword",
        "filename": ".secrets.baseline",
        "hashed_secret": "fea6e2dfecd39ba01ac6be4e4b51aeb7e82e9eb3",
        "is_verified": false,
        "line_number": 1120
      },
      {
        "type": "Hex High Entropy String",
        "filename": ".secrets.baseline",
        "hashed_secret": "ec8fe326c2d26d2d080dca9b4d1dd3d40d95a321",
        "is_verified": false,
        "line_number": 1134
      },
      {
        "type": "Secret Keyword",
        "filename": ".secrets.baseline",
        "hashed_secret": "ec8fe326c2d26d2d080dca9b4d1dd3d40d95a321",
        "is_verified": false,
        "line_number": 1134
      },
      {
        "type": "Hex High Entropy String",
        "filename": ".secrets.baseline",
        "hashed_secret": "ad623d83c3fb7a3930ce487d265950f0e0a9cb9b",
        "is_verified": false,
        "line_number": 1148
      },
      {
        "type": "Secret Keyword",
        "filename": ".secrets.baseline",
        "hashed_secret": "ad623d83c3fb7a3930ce487d265950f0e0a9cb9b",
        "is_verified": false,
        "line_number": 1148
      },
      {
        "type": "Hex High Entropy String",
        "filename": ".secrets.baseline",
        "hashed_secret": "91c490468d9fee40fdc87a34a699bef868f6f19b",
        "is_verified": false,
        "line_number": 1162
      },
      {
        "type": "Secret Keyword",
        "filename": ".secrets.baseline",
        "hashed_secret": "91c490468d9fee40fdc87a34a699bef868f6f19b",
        "is_verified": false,
        "line_number": 1162
      },
      {
        "type": "Hex High Entropy String",
        "filename": ".secrets.baseline",
        "hashed_secret": "a2be30b9b9dbc0506542ac3a726e1a0be519d8ef",
        "is_verified": false,
        "line_number": 1176
      },
      {
        "type": "Secret Keyword",
        "filename": ".secrets.baseline",
        "hashed_secret": "a2be30b9b9dbc0506542ac3a726e1a0be519d8ef",
        "is_verified": false,
        "line_number": 1176
      },
      {
        "type": "Hex High Entropy String",
        "filename": ".secrets.baseline",
        "hashed_secret": "1a56243ad889e287cf356de91ed18aa2403d9abe",
        "is_verified": false,
        "line_number": 1190
      },
      {
        "type": "Secret Keyword",
        "filename": ".secrets.baseline",
        "hashed_secret": "1a56243ad889e287cf356de91ed18aa2403d9abe",
        "is_verified": false,
        "line_number": 1190
      },
      {
        "type": "Hex High Entropy String",
        "filename": ".secrets.baseline",
        "hashed_secret": "2a789497c1b4cd581427145b24a6cbb2ca68790c",
        "is_verified": false,
        "line_number": 1204
      },
      {
        "type": "Secret Keyword",
        "filename": ".secrets.baseline",
        "hashed_secret": "2a789497c1b4cd581427145b24a6cbb2ca68790c",
        "is_verified": false,
        "line_number": 1204
      },
      {
        "type": "Hex High Entropy String",
        "filename": ".secrets.baseline",
        "hashed_secret": "f7a143dd1a0979c6a1f309ccd5f50faa15815dc5",
        "is_verified": false,
        "line_number": 1218
      },
      {
        "type": "Secret Keyword",
        "filename": ".secrets.baseline",
        "hashed_secret": "f7a143dd1a0979c6a1f309ccd5f50faa15815dc5",
        "is_verified": false,
        "line_number": 1218
      },
      {
        "type": "Hex High Entropy String",
        "filename": ".secrets.baseline",
        "hashed_secret": "fdc904268f7522a6bf49a58cc416a9f183dcebab",
        "is_verified": false,
        "line_number": 1232
      },
      {
        "type": "Secret Keyword",
        "filename": ".secrets.baseline",
        "hashed_secret": "fdc904268f7522a6bf49a58cc416a9f183dcebab",
        "is_verified": false,
        "line_number": 1232
      },
      {
        "type": "Hex High Entropy String",
        "filename": ".secrets.baseline",
        "hashed_secret": "509dec6a9315089946db757aaef3025025669b54",
        "is_verified": false,
        "line_number": 1246
      },
      {
        "type": "Secret Keyword",
        "filename": ".secrets.baseline",
        "hashed_secret": "509dec6a9315089946db757aaef3025025669b54",
        "is_verified": false,
        "line_number": 1246
      },
      {
        "type": "Hex High Entropy String",
        "filename": ".secrets.baseline",
        "hashed_secret": "8171bc4e720aaaa4a42d27d2511c80d346864038",
        "is_verified": false,
        "line_number": 1260
      },
      {
        "type": "Secret Keyword",
        "filename": ".secrets.baseline",
        "hashed_secret": "8171bc4e720aaaa4a42d27d2511c80d346864038",
        "is_verified": false,
        "line_number": 1260
      },
      {
        "type": "Hex High Entropy String",
        "filename": ".secrets.baseline",
        "hashed_secret": "22d2f69ea1ca307abdeba33447a4c17ff18fda81",
        "is_verified": false,
        "line_number": 1274
      },
      {
        "type": "Secret Keyword",
        "filename": ".secrets.baseline",
        "hashed_secret": "22d2f69ea1ca307abdeba33447a4c17ff18fda81",
        "is_verified": false,
        "line_number": 1274
      },
      {
        "type": "Hex High Entropy String",
        "filename": ".secrets.baseline",
        "hashed_secret": "a036cbb2cacf26f12b3530ab8f388365a2880742",
        "is_verified": false,
        "line_number": 1288
      },
      {
        "type": "Secret Keyword",
        "filename": ".secrets.baseline",
        "hashed_secret": "a036cbb2cacf26f12b3530ab8f388365a2880742",
        "is_verified": false,
        "line_number": 1288
      },
      {
        "type": "Hex High Entropy String",
        "filename": ".secrets.baseline",
        "hashed_secret": "07f0ba04438c31af0c9c6ef41d15c086d8bfbc2a",
        "is_verified": false,
        "line_number": 1302
      },
      {
        "type": "Secret Keyword",
        "filename": ".secrets.baseline",
        "hashed_secret": "07f0ba04438c31af0c9c6ef41d15c086d8bfbc2a",
        "is_verified": false,
        "line_number": 1302
      },
      {
        "type": "Hex High Entropy String",
        "filename": ".secrets.baseline",
        "hashed_secret": "c3f928b20c36baa070c0d2ec227ed8a63f37ef03",
        "is_verified": false,
        "line_number": 1316
      },
      {
        "type": "Secret Keyword",
        "filename": ".secrets.baseline",
        "hashed_secret": "c3f928b20c36baa070c0d2ec227ed8a63f37ef03",
        "is_verified": false,
        "line_number": 1316
      },
      {
        "type": "Hex High Entropy String",
        "filename": ".secrets.baseline",
        "hashed_secret": "f3f9f55bd02afc6d9c60d2e72c62fcf841cf0809",
        "is_verified": false,
        "line_number": 1330
      },
      {
        "type": "Secret Keyword",
        "filename": ".secrets.baseline",
        "hashed_secret": "f3f9f55bd02afc6d9c60d2e72c62fcf841cf0809",
        "is_verified": false,
        "line_number": 1330
      },
      {
        "type": "Hex High Entropy String",
        "filename": ".secrets.baseline",
        "hashed_secret": "f6b2ec418dc171af41c6cf85de6462fce1136fc6",
        "is_verified": false,
        "line_number": 1344
      },
      {
        "type": "Secret Keyword",
        "filename": ".secrets.baseline",
        "hashed_secret": "f6b2ec418dc171af41c6cf85de6462fce1136fc6",
        "is_verified": false,
        "line_number": 1344
      },
      {
        "type": "Hex High Entropy String",
        "filename": ".secrets.baseline",
        "hashed_secret": "7678e6fe409bac34323a4ee4d5dd9b7df508e0a6",
        "is_verified": false,
        "line_number": 1358
      },
      {
        "type": "Secret Keyword",
        "filename": ".secrets.baseline",
        "hashed_secret": "7678e6fe409bac34323a4ee4d5dd9b7df508e0a6",
        "is_verified": false,
        "line_number": 1358
      },
      {
        "type": "Hex High Entropy String",
        "filename": ".secrets.baseline",
        "hashed_secret": "f0ef418c63601527c0437bc8d76dcc0b4bb03ba8",
        "is_verified": false,
        "line_number": 1372
      },
      {
        "type": "Secret Keyword",
        "filename": ".secrets.baseline",
        "hashed_secret": "f0ef418c63601527c0437bc8d76dcc0b4bb03ba8",
        "is_verified": false,
        "line_number": 1372
      },
      {
        "type": "Hex High Entropy String",
        "filename": ".secrets.baseline",
        "hashed_secret": "ccccdf065f6a32849e304b14d5d8da73f15025de",
        "is_verified": false,
        "line_number": 1386
      },
      {
        "type": "Secret Keyword",
        "filename": ".secrets.baseline",
        "hashed_secret": "ccccdf065f6a32849e304b14d5d8da73f15025de",
        "is_verified": false,
        "line_number": 1386
      },
      {
        "type": "Hex High Entropy String",
        "filename": ".secrets.baseline",
        "hashed_secret": "dbc5438973648af7ea770721e7a9c65da30f8039",
        "is_verified": false,
        "line_number": 1400
      },
      {
        "type": "Secret Keyword",
        "filename": ".secrets.baseline",
        "hashed_secret": "dbc5438973648af7ea770721e7a9c65da30f8039",
        "is_verified": false,
        "line_number": 1400
      },
      {
        "type": "Hex High Entropy String",
        "filename": ".secrets.baseline",
        "hashed_secret": "504957edcf85bea4f66cb2bdc42f045aac2c0460",
        "is_verified": false,
        "line_number": 1414
      },
      {
        "type": "Secret Keyword",
        "filename": ".secrets.baseline",
        "hashed_secret": "504957edcf85bea4f66cb2bdc42f045aac2c0460",
        "is_verified": false,
        "line_number": 1414
      },
      {
        "type": "Hex High Entropy String",
        "filename": ".secrets.baseline",
        "hashed_secret": "a71f89e97d95366113521931c1d5650d274c13f5",
        "is_verified": false,
        "line_number": 1428
      },
      {
        "type": "Secret Keyword",
        "filename": ".secrets.baseline",
        "hashed_secret": "a71f89e97d95366113521931c1d5650d274c13f5",
        "is_verified": false,
        "line_number": 1428
      },
      {
        "type": "Hex High Entropy String",
        "filename": ".secrets.baseline",
        "hashed_secret": "82cc6c1764cffef5dc4873f46449ed0d46b7b58a",
        "is_verified": false,
        "line_number": 1444
      },
      {
        "type": "Secret Keyword",
        "filename": ".secrets.baseline",
        "hashed_secret": "82cc6c1764cffef5dc4873f46449ed0d46b7b58a",
        "is_verified": false,
        "line_number": 1444
      },
      {
        "type": "Hex High Entropy String",
        "filename": ".secrets.baseline",
        "hashed_secret": "916105d0bc492c455acc4ee6165bb7709f1d616c",
        "is_verified": false,
        "line_number": 1453
      },
      {
        "type": "Secret Keyword",
        "filename": ".secrets.baseline",
        "hashed_secret": "916105d0bc492c455acc4ee6165bb7709f1d616c",
        "is_verified": false,
        "line_number": 1453
      },
      {
        "type": "Hex High Entropy String",
        "filename": ".secrets.baseline",
        "hashed_secret": "58bffd7f5618aaa6074d3084a7b3e102fffd8c50",
        "is_verified": false,
        "line_number": 1462
      },
      {
        "type": "Secret Keyword",
        "filename": ".secrets.baseline",
        "hashed_secret": "58bffd7f5618aaa6074d3084a7b3e102fffd8c50",
        "is_verified": false,
        "line_number": 1462
      },
      {
        "type": "Hex High Entropy String",
        "filename": ".secrets.baseline",
        "hashed_secret": "353e8061f2befecb6818ba0c034c632fb0bcae1b",
        "is_verified": false,
        "line_number": 1471
      },
      {
        "type": "Secret Keyword",
        "filename": ".secrets.baseline",
        "hashed_secret": "353e8061f2befecb6818ba0c034c632fb0bcae1b",
        "is_verified": false,
        "line_number": 1471
      },
      {
        "type": "Hex High Entropy String",
        "filename": ".secrets.baseline",
        "hashed_secret": "c41c167392e4259c7996c9d46ee000236c2896ab",
        "is_verified": false,
        "line_number": 1480
      },
      {
        "type": "Secret Keyword",
        "filename": ".secrets.baseline",
        "hashed_secret": "c41c167392e4259c7996c9d46ee000236c2896ab",
        "is_verified": false,
        "line_number": 1480
      },
      {
        "type": "Hex High Entropy String",
        "filename": ".secrets.baseline",
        "hashed_secret": "e9e9ca149d1453b8197cdd0ebf339a055e386bc6",
        "is_verified": false,
        "line_number": 1487
      },
      {
        "type": "Secret Keyword",
        "filename": ".secrets.baseline",
        "hashed_secret": "e9e9ca149d1453b8197cdd0ebf339a055e386bc6",
        "is_verified": false,
        "line_number": 1487
      },
      {
        "type": "Hex High Entropy String",
        "filename": ".secrets.baseline",
        "hashed_secret": "9e68c9b37c2b985d3c2484b99fdad7d0b6b7d7a1",
        "is_verified": false,
        "line_number": 1494
      },
      {
        "type": "Secret Keyword",
        "filename": ".secrets.baseline",
        "hashed_secret": "9e68c9b37c2b985d3c2484b99fdad7d0b6b7d7a1",
        "is_verified": false,
        "line_number": 1494
      },
      {
        "type": "Hex High Entropy String",
        "filename": ".secrets.baseline",
        "hashed_secret": "9c8b532b7f4f10da8239d1ac2c3cf02156d4149a",
        "is_verified": false,
        "line_number": 1501
      },
      {
        "type": "Secret Keyword",
        "filename": ".secrets.baseline",
        "hashed_secret": "9c8b532b7f4f10da8239d1ac2c3cf02156d4149a",
        "is_verified": false,
        "line_number": 1501
      },
      {
        "type": "Hex High Entropy String",
        "filename": ".secrets.baseline",
        "hashed_secret": "b4990aa409a636ba568efada1512024db2a84650",
        "is_verified": false,
        "line_number": 1508
      },
      {
        "type": "Secret Keyword",
        "filename": ".secrets.baseline",
        "hashed_secret": "b4990aa409a636ba568efada1512024db2a84650",
        "is_verified": false,
        "line_number": 1508
      },
      {
        "type": "Hex High Entropy String",
        "filename": ".secrets.baseline",
        "hashed_secret": "300ac668c782c666a9de0f2ccb59cea082255b5d",
        "is_verified": false,
        "line_number": 1517
      },
      {
        "type": "Secret Keyword",
        "filename": ".secrets.baseline",
        "hashed_secret": "300ac668c782c666a9de0f2ccb59cea082255b5d",
        "is_verified": false,
        "line_number": 1517
      },
      {
        "type": "Hex High Entropy String",
        "filename": ".secrets.baseline",
        "hashed_secret": "0a321eb37ffc84e2e3bd146686c37cc068577746",
        "is_verified": false,
        "line_number": 1526
      },
      {
        "type": "Secret Keyword",
        "filename": ".secrets.baseline",
        "hashed_secret": "0a321eb37ffc84e2e3bd146686c37cc068577746",
        "is_verified": false,
        "line_number": 1526
      },
      {
        "type": "Hex High Entropy String",
        "filename": ".secrets.baseline",
        "hashed_secret": "e912a5635ed924c61ff35925747183627ed5fb13",
        "is_verified": false,
        "line_number": 1540
      },
      {
        "type": "Secret Keyword",
        "filename": ".secrets.baseline",
        "hashed_secret": "e912a5635ed924c61ff35925747183627ed5fb13",
        "is_verified": false,
        "line_number": 1540
      },
      {
        "type": "Hex High Entropy String",
        "filename": ".secrets.baseline",
        "hashed_secret": "c678b797831664d8cf29df57585f16d23fd9a31e",
        "is_verified": false,
        "line_number": 1547
      },
      {
        "type": "Secret Keyword",
        "filename": ".secrets.baseline",
        "hashed_secret": "c678b797831664d8cf29df57585f16d23fd9a31e",
        "is_verified": false,
        "line_number": 1547
      },
      {
        "type": "Hex High Entropy String",
        "filename": ".secrets.baseline",
        "hashed_secret": "11821d54e606431aef6e8bd0ae9414d24ec46c13",
        "is_verified": false,
        "line_number": 1572
      },
      {
        "type": "Secret Keyword",
        "filename": ".secrets.baseline",
        "hashed_secret": "11821d54e606431aef6e8bd0ae9414d24ec46c13",
        "is_verified": false,
        "line_number": 1572
      },
      {
        "type": "Hex High Entropy String",
        "filename": ".secrets.baseline",
        "hashed_secret": "ee487810e143df56a283893bd06da4330a2cb0b7",
        "is_verified": false,
        "line_number": 1579
      },
      {
        "type": "Secret Keyword",
        "filename": ".secrets.baseline",
        "hashed_secret": "ee487810e143df56a283893bd06da4330a2cb0b7",
        "is_verified": false,
        "line_number": 1579
      },
      {
        "type": "Hex High Entropy String",
        "filename": ".secrets.baseline",
        "hashed_secret": "cc47a31b21b92a81b47d20581240082947f7dbb6",
        "is_verified": false,
        "line_number": 1595
      },
      {
        "type": "Secret Keyword",
        "filename": ".secrets.baseline",
        "hashed_secret": "cc47a31b21b92a81b47d20581240082947f7dbb6",
        "is_verified": false,
        "line_number": 1595
      },
      {
        "type": "Hex High Entropy String",
        "filename": ".secrets.baseline",
        "hashed_secret": "abb359acd4fadaaa7fb9781a059501fcf250d27d",
        "is_verified": false,
        "line_number": 1611
      },
      {
        "type": "Secret Keyword",
        "filename": ".secrets.baseline",
        "hashed_secret": "abb359acd4fadaaa7fb9781a059501fcf250d27d",
        "is_verified": false,
        "line_number": 1611
      },
      {
        "type": "Hex High Entropy String",
        "filename": ".secrets.baseline",
        "hashed_secret": "2ea1509720b6a8d3aa47d0a992a0e3d6dcb9bca4",
        "is_verified": false,
        "line_number": 1618
      },
      {
        "type": "Secret Keyword",
        "filename": ".secrets.baseline",
        "hashed_secret": "2ea1509720b6a8d3aa47d0a992a0e3d6dcb9bca4",
        "is_verified": false,
        "line_number": 1618
      },
      {
        "type": "Hex High Entropy String",
        "filename": ".secrets.baseline",
        "hashed_secret": "325cca8ca05fc42db0abfd28f3baf2d6c455b69c",
        "is_verified": false,
        "line_number": 1627
      },
      {
        "type": "Secret Keyword",
        "filename": ".secrets.baseline",
        "hashed_secret": "325cca8ca05fc42db0abfd28f3baf2d6c455b69c",
        "is_verified": false,
        "line_number": 1627
      },
      {
        "type": "Hex High Entropy String",
        "filename": ".secrets.baseline",
        "hashed_secret": "4e8cce78b24d7ebfe38c84b781aeb7a595c1f41b",
        "is_verified": false,
        "line_number": 1634
      },
      {
        "type": "Secret Keyword",
        "filename": ".secrets.baseline",
        "hashed_secret": "4e8cce78b24d7ebfe38c84b781aeb7a595c1f41b",
        "is_verified": false,
        "line_number": 1634
      },
      {
        "type": "Hex High Entropy String",
        "filename": ".secrets.baseline",
        "hashed_secret": "1f6ffad54c80dfd4b544f3ad2a39be1873071d55",
        "is_verified": false,
        "line_number": 1643
      },
      {
        "type": "Secret Keyword",
        "filename": ".secrets.baseline",
        "hashed_secret": "1f6ffad54c80dfd4b544f3ad2a39be1873071d55",
        "is_verified": false,
        "line_number": 1643
      },
      {
        "type": "Hex High Entropy String",
        "filename": ".secrets.baseline",
        "hashed_secret": "7d4aa1ee8a8e7e66b83696799007a322ef617fed",
        "is_verified": false,
        "line_number": 1652
      },
      {
        "type": "Secret Keyword",
        "filename": ".secrets.baseline",
        "hashed_secret": "7d4aa1ee8a8e7e66b83696799007a322ef617fed",
        "is_verified": false,
        "line_number": 1652
      },
      {
        "type": "Hex High Entropy String",
        "filename": ".secrets.baseline",
        "hashed_secret": "9162276ae0cd5a682a56523b877b1939846e8efb",
        "is_verified": false,
        "line_number": 1661
      },
      {
        "type": "Secret Keyword",
        "filename": ".secrets.baseline",
        "hashed_secret": "9162276ae0cd5a682a56523b877b1939846e8efb",
        "is_verified": false,
        "line_number": 1661
      },
      {
        "type": "Hex High Entropy String",
        "filename": ".secrets.baseline",
        "hashed_secret": "e8d0ebb33ee1fa039ea36f2f2147812be4e50b72",
        "is_verified": false,
        "line_number": 1668
      },
      {
        "type": "Secret Keyword",
        "filename": ".secrets.baseline",
        "hashed_secret": "e8d0ebb33ee1fa039ea36f2f2147812be4e50b72",
        "is_verified": false,
        "line_number": 1668
      },
      {
        "type": "Hex High Entropy String",
        "filename": ".secrets.baseline",
        "hashed_secret": "c4033bff94b567a190e33faa551f411caef444f2",
        "is_verified": false,
        "line_number": 1677
      },
      {
        "type": "Secret Keyword",
        "filename": ".secrets.baseline",
        "hashed_secret": "c4033bff94b567a190e33faa551f411caef444f2",
        "is_verified": false,
        "line_number": 1677
      },
      {
        "type": "Hex High Entropy String",
        "filename": ".secrets.baseline",
        "hashed_secret": "f2d6fffda4a8f77ded8c7125e4251c0505cf68a1",
        "is_verified": false,
        "line_number": 1686
      },
      {
        "type": "Secret Keyword",
        "filename": ".secrets.baseline",
        "hashed_secret": "f2d6fffda4a8f77ded8c7125e4251c0505cf68a1",
        "is_verified": false,
        "line_number": 1686
      },
      {
        "type": "Hex High Entropy String",
        "filename": ".secrets.baseline",
        "hashed_secret": "29935ca37b4160283303595ad8fd555e87bd6c96",
        "is_verified": false,
        "line_number": 1700
      },
      {
        "type": "Secret Keyword",
        "filename": ".secrets.baseline",
        "hashed_secret": "29935ca37b4160283303595ad8fd555e87bd6c96",
        "is_verified": false,
        "line_number": 1700
      },
      {
        "type": "Hex High Entropy String",
        "filename": ".secrets.baseline",
        "hashed_secret": "9e52c44c7fa3f1b5c0f9e0eef49e9d63b142985d",
        "is_verified": false,
        "line_number": 1718
      },
      {
        "type": "Secret Keyword",
        "filename": ".secrets.baseline",
        "hashed_secret": "9e52c44c7fa3f1b5c0f9e0eef49e9d63b142985d",
        "is_verified": false,
        "line_number": 1718
      },
      {
        "type": "Hex High Entropy String",
        "filename": ".secrets.baseline",
        "hashed_secret": "1ef4fe151f318b11541da1879f5e435166e78cf4",
        "is_verified": false,
        "line_number": 1736
      },
      {
        "type": "Secret Keyword",
        "filename": ".secrets.baseline",
        "hashed_secret": "1ef4fe151f318b11541da1879f5e435166e78cf4",
        "is_verified": false,
        "line_number": 1736
      },
      {
        "type": "Hex High Entropy String",
        "filename": ".secrets.baseline",
        "hashed_secret": "75069d1bcc63b2b4e6830abd3701bbc21bbc040d",
        "is_verified": false,
        "line_number": 1743
      },
      {
        "type": "Secret Keyword",
        "filename": ".secrets.baseline",
        "hashed_secret": "75069d1bcc63b2b4e6830abd3701bbc21bbc040d",
        "is_verified": false,
        "line_number": 1743
      },
      {
        "type": "Hex High Entropy String",
        "filename": ".secrets.baseline",
        "hashed_secret": "302dce9f3d383caf84d97322e3befda428501f0a",
        "is_verified": false,
        "line_number": 1750
      },
      {
        "type": "Secret Keyword",
        "filename": ".secrets.baseline",
        "hashed_secret": "302dce9f3d383caf84d97322e3befda428501f0a",
        "is_verified": false,
        "line_number": 1750
      },
      {
        "type": "Hex High Entropy String",
        "filename": ".secrets.baseline",
        "hashed_secret": "e9735cfa4d5aa130e61d73ad97d767c5f2eab050",
        "is_verified": false,
        "line_number": 1757
      },
      {
        "type": "Secret Keyword",
        "filename": ".secrets.baseline",
        "hashed_secret": "e9735cfa4d5aa130e61d73ad97d767c5f2eab050",
        "is_verified": false,
        "line_number": 1757
      },
      {
        "type": "Hex High Entropy String",
        "filename": ".secrets.baseline",
        "hashed_secret": "c276438812c921d23ac33e6b0537946038f4bf04",
        "is_verified": false,
        "line_number": 1764
      },
      {
        "type": "Secret Keyword",
        "filename": ".secrets.baseline",
        "hashed_secret": "c276438812c921d23ac33e6b0537946038f4bf04",
        "is_verified": false,
        "line_number": 1764
      },
      {
        "type": "Hex High Entropy String",
        "filename": ".secrets.baseline",
        "hashed_secret": "40d27d2d7f163f02fd19aedb2f1e9c01f7cc72f8",
        "is_verified": false,
        "line_number": 1771
      },
      {
        "type": "Secret Keyword",
        "filename": ".secrets.baseline",
        "hashed_secret": "40d27d2d7f163f02fd19aedb2f1e9c01f7cc72f8",
        "is_verified": false,
        "line_number": 1771
      },
      {
        "type": "Hex High Entropy String",
        "filename": ".secrets.baseline",
        "hashed_secret": "37c31360e596a221c34bce814836f95345db857d",
        "is_verified": false,
        "line_number": 1780
      },
      {
        "type": "Secret Keyword",
        "filename": ".secrets.baseline",
        "hashed_secret": "37c31360e596a221c34bce814836f95345db857d",
        "is_verified": false,
        "line_number": 1780
      },
      {
        "type": "Hex High Entropy String",
        "filename": ".secrets.baseline",
        "hashed_secret": "5ef7db65e0a17cce27cb4f95bcb66d6e19210852",
        "is_verified": false,
        "line_number": 1789
      },
      {
        "type": "Secret Keyword",
        "filename": ".secrets.baseline",
        "hashed_secret": "5ef7db65e0a17cce27cb4f95bcb66d6e19210852",
        "is_verified": false,
        "line_number": 1789
      },
      {
        "type": "Hex High Entropy String",
        "filename": ".secrets.baseline",
        "hashed_secret": "777f4fcba73bab2c57b08ebe438235116a1f71fe",
        "is_verified": false,
        "line_number": 1796
      },
      {
        "type": "Secret Keyword",
        "filename": ".secrets.baseline",
        "hashed_secret": "777f4fcba73bab2c57b08ebe438235116a1f71fe",
        "is_verified": false,
        "line_number": 1796
      },
      {
        "type": "Hex High Entropy String",
        "filename": ".secrets.baseline",
        "hashed_secret": "6b395cf14fa851bcd3ae684ef975b4d729104221",
        "is_verified": false,
        "line_number": 1805
      },
      {
        "type": "Secret Keyword",
        "filename": ".secrets.baseline",
        "hashed_secret": "6b395cf14fa851bcd3ae684ef975b4d729104221",
        "is_verified": false,
        "line_number": 1805
      },
      {
        "type": "Hex High Entropy String",
        "filename": ".secrets.baseline",
        "hashed_secret": "cd1335110f269b208a91f425756cc97ac55908d8",
        "is_verified": false,
        "line_number": 1814
      },
      {
        "type": "Secret Keyword",
        "filename": ".secrets.baseline",
        "hashed_secret": "cd1335110f269b208a91f425756cc97ac55908d8",
        "is_verified": false,
        "line_number": 1814
      },
      {
        "type": "Hex High Entropy String",
        "filename": ".secrets.baseline",
        "hashed_secret": "76d903f22b376e3119b7b3930a0ecb26a522477a",
        "is_verified": false,
        "line_number": 1823
      },
      {
        "type": "Secret Keyword",
        "filename": ".secrets.baseline",
        "hashed_secret": "76d903f22b376e3119b7b3930a0ecb26a522477a",
        "is_verified": false,
        "line_number": 1823
      },
      {
        "type": "Hex High Entropy String",
        "filename": ".secrets.baseline",
        "hashed_secret": "8474e94e80af5ba3f74f949c2125eed087afc349",
        "is_verified": false,
        "line_number": 1832
      },
      {
        "type": "Secret Keyword",
        "filename": ".secrets.baseline",
        "hashed_secret": "8474e94e80af5ba3f74f949c2125eed087afc349",
        "is_verified": false,
        "line_number": 1832
      },
      {
        "type": "Hex High Entropy String",
        "filename": ".secrets.baseline",
        "hashed_secret": "1f0c5a0f96fe89da78e812b8458d10d47235f10c",
        "is_verified": false,
        "line_number": 1841
      },
      {
        "type": "Secret Keyword",
        "filename": ".secrets.baseline",
        "hashed_secret": "1f0c5a0f96fe89da78e812b8458d10d47235f10c",
        "is_verified": false,
        "line_number": 1841
      },
      {
        "type": "Hex High Entropy String",
        "filename": ".secrets.baseline",
        "hashed_secret": "6f5128740045e4d1334b92cbeac1541512ade851",
        "is_verified": false,
        "line_number": 1857
      },
      {
        "type": "Secret Keyword",
        "filename": ".secrets.baseline",
        "hashed_secret": "6f5128740045e4d1334b92cbeac1541512ade851",
        "is_verified": false,
        "line_number": 1857
      },
      {
        "type": "Hex High Entropy String",
        "filename": ".secrets.baseline",
        "hashed_secret": "5f0494c526bc9b807914d8472ef6e90b6f2940e8",
        "is_verified": false,
        "line_number": 1866
      },
      {
        "type": "Secret Keyword",
        "filename": ".secrets.baseline",
        "hashed_secret": "5f0494c526bc9b807914d8472ef6e90b6f2940e8",
        "is_verified": false,
        "line_number": 1866
      },
      {
        "type": "Hex High Entropy String",
        "filename": ".secrets.baseline",
        "hashed_secret": "c63efc3514b2a107f0ec943201a4730062e2ed1b",
        "is_verified": false,
        "line_number": 1875
      },
      {
        "type": "Secret Keyword",
        "filename": ".secrets.baseline",
        "hashed_secret": "c63efc3514b2a107f0ec943201a4730062e2ed1b",
        "is_verified": false,
        "line_number": 1875
      },
      {
        "type": "Hex High Entropy String",
        "filename": ".secrets.baseline",
        "hashed_secret": "01480c0ba3961625755baf5f0e1552579099188b",
        "is_verified": false,
        "line_number": 1884
      },
      {
        "type": "Secret Keyword",
        "filename": ".secrets.baseline",
        "hashed_secret": "01480c0ba3961625755baf5f0e1552579099188b",
        "is_verified": false,
        "line_number": 1884
      },
      {
        "type": "Hex High Entropy String",
        "filename": ".secrets.baseline",
        "hashed_secret": "511c8a57f43721594915bb1f45be5137fe5ebcd5",
        "is_verified": false,
        "line_number": 1902
      },
      {
        "type": "Secret Keyword",
        "filename": ".secrets.baseline",
        "hashed_secret": "511c8a57f43721594915bb1f45be5137fe5ebcd5",
        "is_verified": false,
        "line_number": 1902
      },
      {
        "type": "Hex High Entropy String",
        "filename": ".secrets.baseline",
        "hashed_secret": "4695e0c71e25aeb7fe6a0c324d7bea31a4576d2b",
        "is_verified": false,
        "line_number": 1909
      },
      {
        "type": "Secret Keyword",
        "filename": ".secrets.baseline",
        "hashed_secret": "4695e0c71e25aeb7fe6a0c324d7bea31a4576d2b",
        "is_verified": false,
        "line_number": 1909
      },
      {
        "type": "Hex High Entropy String",
        "filename": ".secrets.baseline",
        "hashed_secret": "ca089978e6649eb7ae388130307eaf70fbe77115",
        "is_verified": false,
        "line_number": 1916
      },
      {
        "type": "Secret Keyword",
        "filename": ".secrets.baseline",
        "hashed_secret": "ca089978e6649eb7ae388130307eaf70fbe77115",
        "is_verified": false,
        "line_number": 1916
      },
      {
        "type": "Hex High Entropy String",
        "filename": ".secrets.baseline",
        "hashed_secret": "a7f14911318611bf4900d32528f13aaa8ecd07fd",
        "is_verified": false,
        "line_number": 1925
      },
      {
        "type": "Secret Keyword",
        "filename": ".secrets.baseline",
        "hashed_secret": "a7f14911318611bf4900d32528f13aaa8ecd07fd",
        "is_verified": false,
        "line_number": 1925
      },
      {
        "type": "Hex High Entropy String",
        "filename": ".secrets.baseline",
        "hashed_secret": "8e2ad3b8e7ee8cdf34d66b120fae70625ab1a4ae",
        "is_verified": false,
        "line_number": 1943
      },
      {
        "type": "Secret Keyword",
        "filename": ".secrets.baseline",
        "hashed_secret": "8e2ad3b8e7ee8cdf34d66b120fae70625ab1a4ae",
        "is_verified": false,
        "line_number": 1943
      },
      {
        "type": "Hex High Entropy String",
        "filename": ".secrets.baseline",
        "hashed_secret": "2769dd631bc9b465b17ebea95b5551f82446e1ce",
        "is_verified": false,
        "line_number": 1959
      },
      {
        "type": "Secret Keyword",
        "filename": ".secrets.baseline",
        "hashed_secret": "2769dd631bc9b465b17ebea95b5551f82446e1ce",
        "is_verified": false,
        "line_number": 1959
      },
      {
        "type": "Hex High Entropy String",
        "filename": ".secrets.baseline",
        "hashed_secret": "1094ea42eb07f8ca74775088987451bbac33a325",
        "is_verified": false,
        "line_number": 1968
      },
      {
        "type": "Secret Keyword",
        "filename": ".secrets.baseline",
        "hashed_secret": "1094ea42eb07f8ca74775088987451bbac33a325",
        "is_verified": false,
        "line_number": 1968
      },
      {
        "type": "Hex High Entropy String",
        "filename": ".secrets.baseline",
        "hashed_secret": "38ea1e03f2fc14eb00d97957c3730be1ba14ab82",
        "is_verified": false,
        "line_number": 1984
      },
      {
        "type": "Secret Keyword",
        "filename": ".secrets.baseline",
        "hashed_secret": "38ea1e03f2fc14eb00d97957c3730be1ba14ab82",
        "is_verified": false,
        "line_number": 1984
      },
      {
        "type": "Hex High Entropy String",
        "filename": ".secrets.baseline",
        "hashed_secret": "7125a77e5e52f9e893dd2a98a64a8dee069db02a",
        "is_verified": false,
        "line_number": 1993
      },
      {
        "type": "Secret Keyword",
        "filename": ".secrets.baseline",
        "hashed_secret": "7125a77e5e52f9e893dd2a98a64a8dee069db02a",
        "is_verified": false,
        "line_number": 1993
      },
      {
        "type": "Hex High Entropy String",
        "filename": ".secrets.baseline",
        "hashed_secret": "fd55618fdd677020f205891f399f1e73a9c16632",
        "is_verified": false,
        "line_number": 2009
      },
      {
        "type": "Secret Keyword",
        "filename": ".secrets.baseline",
        "hashed_secret": "fd55618fdd677020f205891f399f1e73a9c16632",
        "is_verified": false,
        "line_number": 2009
      },
      {
        "type": "Hex High Entropy String",
        "filename": ".secrets.baseline",
        "hashed_secret": "44c7258801e2582a5d20a7171273e88abde03d17",
        "is_verified": false,
        "line_number": 2018
      },
      {
        "type": "Secret Keyword",
        "filename": ".secrets.baseline",
        "hashed_secret": "44c7258801e2582a5d20a7171273e88abde03d17",
        "is_verified": false,
        "line_number": 2018
      },
      {
        "type": "Hex High Entropy String",
        "filename": ".secrets.baseline",
        "hashed_secret": "dc1425b6fd4547a930bca0ebfadd36551c089386",
        "is_verified": false,
        "line_number": 2027
      },
      {
        "type": "Secret Keyword",
        "filename": ".secrets.baseline",
        "hashed_secret": "dc1425b6fd4547a930bca0ebfadd36551c089386",
        "is_verified": false,
        "line_number": 2027
      },
      {
        "type": "Hex High Entropy String",
        "filename": ".secrets.baseline",
        "hashed_secret": "2114b4d8a0629ff9191961fdc10febaffb13bd53",
        "is_verified": false,
        "line_number": 2036
      },
      {
        "type": "Secret Keyword",
        "filename": ".secrets.baseline",
        "hashed_secret": "2114b4d8a0629ff9191961fdc10febaffb13bd53",
        "is_verified": false,
        "line_number": 2036
      },
      {
        "type": "Hex High Entropy String",
        "filename": ".secrets.baseline",
        "hashed_secret": "4887f41b9e215e1e5b035638a0fe40927b5681a6",
        "is_verified": false,
        "line_number": 2043
      },
      {
        "type": "Secret Keyword",
        "filename": ".secrets.baseline",
        "hashed_secret": "4887f41b9e215e1e5b035638a0fe40927b5681a6",
        "is_verified": false,
        "line_number": 2043
      },
      {
        "type": "Hex High Entropy String",
        "filename": ".secrets.baseline",
        "hashed_secret": "973f4d32991860793ac711a0d5dbe9fef1f0d9b8",
        "is_verified": false,
        "line_number": 2050
      },
      {
        "type": "Secret Keyword",
        "filename": ".secrets.baseline",
        "hashed_secret": "973f4d32991860793ac711a0d5dbe9fef1f0d9b8",
        "is_verified": false,
        "line_number": 2050
      },
      {
        "type": "Hex High Entropy String",
        "filename": ".secrets.baseline",
        "hashed_secret": "0eab6edef51c99096d8fa94011b2728ec55b16ef",
        "is_verified": false,
        "line_number": 2066
      },
      {
        "type": "Secret Keyword",
        "filename": ".secrets.baseline",
        "hashed_secret": "0eab6edef51c99096d8fa94011b2728ec55b16ef",
        "is_verified": false,
        "line_number": 2066
      },
      {
        "type": "Hex High Entropy String",
        "filename": ".secrets.baseline",
        "hashed_secret": "3393186c91c528c6d7c2cac1053c08d359c8c26a",
        "is_verified": false,
        "line_number": 2073
      },
      {
        "type": "Secret Keyword",
        "filename": ".secrets.baseline",
        "hashed_secret": "3393186c91c528c6d7c2cac1053c08d359c8c26a",
        "is_verified": false,
        "line_number": 2073
      },
      {
        "type": "Hex High Entropy String",
        "filename": ".secrets.baseline",
        "hashed_secret": "ecd790af61b3e1f2c6c4e0187d8a84441db771a3",
        "is_verified": false,
        "line_number": 2089
      },
      {
        "type": "Secret Keyword",
        "filename": ".secrets.baseline",
        "hashed_secret": "ecd790af61b3e1f2c6c4e0187d8a84441db771a3",
        "is_verified": false,
        "line_number": 2089
      },
      {
        "type": "Hex High Entropy String",
        "filename": ".secrets.baseline",
        "hashed_secret": "19bea6c088dcd9b3159e386d88ad34336442916c",
        "is_verified": false,
        "line_number": 2096
      },
      {
        "type": "Secret Keyword",
        "filename": ".secrets.baseline",
        "hashed_secret": "19bea6c088dcd9b3159e386d88ad34336442916c",
        "is_verified": false,
        "line_number": 2096
      },
      {
        "type": "Hex High Entropy String",
        "filename": ".secrets.baseline",
        "hashed_secret": "a131981806c2bb8826a6501ba267b5c26734b5f7",
        "is_verified": false,
        "line_number": 2103
      },
      {
        "type": "Secret Keyword",
        "filename": ".secrets.baseline",
        "hashed_secret": "a131981806c2bb8826a6501ba267b5c26734b5f7",
        "is_verified": false,
        "line_number": 2103
      },
      {
        "type": "Hex High Entropy String",
        "filename": ".secrets.baseline",
        "hashed_secret": "1ad9a77d6b9bd2d6d00af9893626315bc7023045",
        "is_verified": false,
        "line_number": 2130
      },
      {
        "type": "Secret Keyword",
        "filename": ".secrets.baseline",
        "hashed_secret": "1ad9a77d6b9bd2d6d00af9893626315bc7023045",
        "is_verified": false,
        "line_number": 2130
      },
      {
        "type": "Hex High Entropy String",
        "filename": ".secrets.baseline",
        "hashed_secret": "adb7ebd19d5d77eb66b8f097197d540398e60833",
        "is_verified": false,
        "line_number": 2139
      },
      {
        "type": "Secret Keyword",
        "filename": ".secrets.baseline",
        "hashed_secret": "adb7ebd19d5d77eb66b8f097197d540398e60833",
        "is_verified": false,
        "line_number": 2139
      },
      {
        "type": "Hex High Entropy String",
        "filename": ".secrets.baseline",
        "hashed_secret": "c32a570fc11bdfd2f9876514f9f4cad9b33fa8a6",
        "is_verified": false,
        "line_number": 2146
      },
      {
        "type": "Secret Keyword",
        "filename": ".secrets.baseline",
        "hashed_secret": "c32a570fc11bdfd2f9876514f9f4cad9b33fa8a6",
        "is_verified": false,
        "line_number": 2146
      }
    ],
    "docs/audit/batch4_merge_plan.md": [
      {
        "type": "Hex High Entropy String",
        "filename": "docs/audit/batch4_merge_plan.md",
        "hashed_secret": "c4b79d629ffc2a13e16cd6ed89d4916ea48ea526",
        "is_verified": false,
        "line_number": 118
      }
    ],
    "docs/audit/security_tasks_status.md": [
      {
        "type": "Secret Keyword",
        "filename": "docs/audit/security_tasks_status.md",
        "hashed_secret": "c8d8fc82e04a4adb3ee0ceb472d37572bdac77a6",
        "is_verified": false,
        "line_number": 22
      }
    ],
    "docs/azure-iam-setup.md": [
      {
        "type": "Secret Keyword",
        "filename": "docs/azure-iam-setup.md",
        "hashed_secret": "d92490a1457d8b0712a85fe018b3e9fd781816a7",
        "is_verified": false,
        "line_number": 179
      }
    ],
    "docs/configuration.md": [
      {
        "type": "Basic Auth Credentials",
        "filename": "docs/configuration.md",
        "hashed_secret": "5baa61e4c9b93f3f0682250b6cf8331b7ee68fd8",
        "is_verified": false,
        "line_number": 223
      }
    ],
    "docs/model-setup.md": [
      {
        "type": "Secret Keyword",
        "filename": "docs/model-setup.md",
        "hashed_secret": "ec3810e10fb78db55ce38b9c18d1c3eb1db739e0",
        "is_verified": false,
        "line_number": 16
      },
      {
        "type": "Secret Keyword",
        "filename": "docs/model-setup.md",
        "hashed_secret": "02ecb94373bfb3dfe827ca18409f50b016e8302a",
        "is_verified": false,
        "line_number": 29
      },
      {
        "type": "Secret Keyword",
        "filename": "docs/model-setup.md",
        "hashed_secret": "befdf43f48b2dba77336604f6248a2a660a4bc48",
        "is_verified": false,
        "line_number": 82
      },
      {
        "type": "Secret Keyword",
        "filename": "docs/model-setup.md",
        "hashed_secret": "5264067a1346e7acfebddbe220bd0369dfe8f3b7",
        "is_verified": false,
        "line_number": 97
      },
      {
        "type": "Secret Keyword",
        "filename": "docs/model-setup.md",
        "hashed_secret": "0654a028e5aea48c8fbb09871b8f397a186c883b",
        "is_verified": false,
        "line_number": 156
      }
    ],
    "docs/privileges/README.md": [
      {
        "type": "Basic Auth Credentials",
        "filename": "docs/privileges/README.md",
        "hashed_secret": "9d4e1e23bd5b727046a9e3b4b7db57bd8d6ee684",
        "is_verified": false,
        "line_number": 59
      }
    ],
    "docs/privileges/databases.md": [
      {
        "type": "Secret Keyword",
        "filename": "docs/privileges/databases.md",
        "hashed_secret": "c55ecbd79b2b1f5bab4af0d863b337d0627b2eab",
        "is_verified": false,
        "line_number": 29
      },
      {
        "type": "Basic Auth Credentials",
        "filename": "docs/privileges/databases.md",
        "hashed_secret": "c55ecbd79b2b1f5bab4af0d863b337d0627b2eab",
        "is_verified": false,
        "line_number": 36
      },
      {
        "type": "Secret Keyword",
        "filename": "docs/privileges/databases.md",
        "hashed_secret": "d36cf32699486fbd255a10f4535482a5a9fba8f4",
        "is_verified": false,
        "line_number": 70
      },
      {
        "type": "Secret Keyword",
        "filename": "docs/privileges/databases.md",
        "hashed_secret": "59e4ca67d9a43cebb950b3486e8c1f89512a2b78",
        "is_verified": false,
        "line_number": 143
      }
    ],
    "docs/privileges/databases_mq_host.md": [
      {
        "type": "Secret Keyword",
        "filename": "docs/privileges/databases_mq_host.md",
        "hashed_secret": "c55ecbd79b2b1f5bab4af0d863b337d0627b2eab",
        "is_verified": false,
        "line_number": 90
      },
      {
        "type": "Basic Auth Credentials",
        "filename": "docs/privileges/databases_mq_host.md",
        "hashed_secret": "c55ecbd79b2b1f5bab4af0d863b337d0627b2eab",
        "is_verified": false,
        "line_number": 199
      }
    ],
    "docs/privileges/host_os.md": [
      {
        "type": "Secret Keyword",
        "filename": "docs/privileges/host_os.md",
        "hashed_secret": "7205a0abf00d1daec13c63ece029057c974795a9",
        "is_verified": false,
        "line_number": 159
      },
      {
        "type": "Secret Keyword",
        "filename": "docs/privileges/host_os.md",
        "hashed_secret": "10e913b9575e9a551b9bda24f5f755fb4a287370",
        "is_verified": false,
        "line_number": 167
      }
    ],
    "docs/privileges/messaging.md": [
      {
        "type": "Secret Keyword",
        "filename": "docs/privileges/messaging.md",
        "hashed_secret": "c55ecbd79b2b1f5bab4af0d863b337d0627b2eab",
        "is_verified": false,
        "line_number": 64
      },
      {
        "type": "Secret Keyword",
        "filename": "docs/privileges/messaging.md",
        "hashed_secret": "b16b59fb68ddd0312812962a2ff2534164f5513a",
        "is_verified": false,
        "line_number": 71
      }
    ],
    "docs/privileges/metrics_stores.md": [
      {
        "type": "Secret Keyword",
        "filename": "docs/privileges/metrics_stores.md",
        "hashed_secret": "7205a0abf00d1daec13c63ece029057c974795a9",
        "is_verified": false,
        "line_number": 49
      },
      {
        "type": "Secret Keyword",
        "filename": "docs/privileges/metrics_stores.md",
        "hashed_secret": "8516d126156cd8ceb2f23e4b34439f8d1b11bb94",
        "is_verified": false,
        "line_number": 56
      },
      {
        "type": "Secret Keyword",
        "filename": "docs/privileges/metrics_stores.md",
        "hashed_secret": "48bc2e949f6f421217a329d4b464165724559d44",
        "is_verified": false,
        "line_number": 105
      }
    ],
    "docs/privileges/observability_saas.md": [
      {
        "type": "Secret Keyword",
        "filename": "docs/privileges/observability_saas.md",
        "hashed_secret": "4d7212bb8c76668a719c1a6da8ce0392009b86a3",
        "is_verified": false,
        "line_number": 19
      },
      {
        "type": "Secret Keyword",
        "filename": "docs/privileges/observability_saas.md",
        "hashed_secret": "ee977806d7286510da8b9a7492ba58e2484c0ecc",
        "is_verified": false,
        "line_number": 549
      }
    ],
    "docs/research/enumeration_models.md": [
      {
        "type": "Secret Keyword",
        "filename": "docs/research/enumeration_models.md",
        "hashed_secret": "71f8e7976e4cbc4561c9d62fb283e7f788202acb",
        "is_verified": false,
        "line_number": 366
      }
    ],
    "playbooks/cosign_key_generate.yml": [
      {
        "type": "Secret Keyword",
        "filename": "playbooks/cosign_key_generate.yml",
        "hashed_secret": "9ae68b33acccc9dcdd9c20db2d76f484dd31ce1e",
        "is_verified": false,
        "line_number": 34
      }
    ],
    "tests/e2e/test_hot_reload_e2e.py": [
      {
        "type": "Secret Keyword",
        "filename": "tests/e2e/test_hot_reload_e2e.py",
        "hashed_secret": "ec14684b9b882e2aa9abdc4960c720050287e8eb",
        "is_verified": false,
        "line_number": 569
      },
      {
        "type": "Secret Keyword",
        "filename": "tests/e2e/test_hot_reload_e2e.py",
        "hashed_secret": "dd65c1b4b3e66e765523873bd29cf5d6d6838189",
        "is_verified": false,
        "line_number": 1110
      }
    ],
    "tests/e2e/test_mcp_integration.py": [
      {
        "type": "Secret Keyword",
        "filename": "tests/e2e/test_mcp_integration.py",
        "hashed_secret": "a94a8fe5ccb19ba61c4c0873d391e987982fbbd3",
        "is_verified": false,
        "line_number": 47
      }
    ],
    "tests/e2e/test_obj13_validation_audit.py": [
      {
        "type": "Base64 High Entropy String",
        "filename": "tests/e2e/test_obj13_validation_audit.py",
        "hashed_secret": "edd2e7ac4f61d0c606e80a0919d727540842a307",
        "is_verified": false,
        "line_number": 183
      },
      {
        "type": "Secret Keyword",
        "filename": "tests/e2e/test_obj13_validation_audit.py",
        "hashed_secret": "edd2e7ac4f61d0c606e80a0919d727540842a307",
        "is_verified": false,
        "line_number": 183
      },
      {
        "type": "GitHub Token",
        "filename": "tests/e2e/test_obj13_validation_audit.py",
        "hashed_secret": "e175c6f5f2a92e8623bd9a4820edb4e8c1b0fd10",
        "is_verified": false,
        "line_number": 234
      }
    ],
    "tests/unit/test_ara.py": [
      {
        "type": "Basic Auth Credentials",
        "filename": "tests/unit/test_ara.py",
        "hashed_secret": "9d4e1e23bd5b727046a9e3b4b7db57bd8d6ee684",
        "is_verified": false,
        "line_number": 24
      }
    ],
    "tests/unit/test_circleci_connector.py": [
      {
        "type": "Hex High Entropy String",
        "filename": "tests/unit/test_circleci_connector.py",
        "hashed_secret": "b4c9248600a42f8c38c01b632f392dbcb4c7b19a",
        "is_verified": false,
        "line_number": 25
      }
    ],
    "tests/unit/test_cli_execution_coverage.py": [
      {
        "type": "Secret Keyword",
        "filename": "tests/unit/test_cli_execution_coverage.py",
        "hashed_secret": "02ecb94373bfb3dfe827ca18409f50b016e8302a",
        "is_verified": false,
        "line_number": 795
      }
    ],
    "tests/unit/test_compute_launch_and_remote_slurm.py": [
      {
        "type": "Secret Keyword",
        "filename": "tests/unit/test_compute_launch_and_remote_slurm.py",
        "hashed_secret": "77fdb69e80170dc3a1a74702481d462052a47c14",
        "is_verified": false,
        "line_number": 184
      },
      {
        "type": "Secret Keyword",
        "filename": "tests/unit/test_compute_launch_and_remote_slurm.py",
        "hashed_secret": "584f3ae6b03df2f5d377bef9ee65ad0e967fd509",
        "is_verified": false,
        "line_number": 208
      },
      {
        "type": "Secret Keyword",
        "filename": "tests/unit/test_compute_launch_and_remote_slurm.py",
        "hashed_secret": "8956265d216d474a080edaa97880d37fc1386f33",
        "is_verified": false,
        "line_number": 466
      },
      {
        "type": "Secret Keyword",
        "filename": "tests/unit/test_compute_launch_and_remote_slurm.py",
        "hashed_secret": "f2b14f68eb995facb3a1c35287b778d5bd785511",
        "is_verified": false,
        "line_number": 471
      },
      {
        "type": "Secret Keyword",
        "filename": "tests/unit/test_compute_launch_and_remote_slurm.py",
        "hashed_secret": "6fa9ef3e1ca98742c99c8e49547257a75e9d8c41",
        "is_verified": false,
        "line_number": 487
      },
      {
        "type": "Secret Keyword",
        "filename": "tests/unit/test_compute_launch_and_remote_slurm.py",
        "hashed_secret": "fe1bae27cb7c1fb823f496f286e78f1d2ae87734",
        "is_verified": false,
        "line_number": 492
      }
    ],
    "tests/unit/test_connector_buildkite.py": [
      {
        "type": "Hex High Entropy String",
        "filename": "tests/unit/test_connector_buildkite.py",
        "hashed_secret": "e4f91dd323bac5bfc4f60a6e433787671dc2421d",
        "is_verified": false,
        "line_number": 17
      }
    ],
    "tests/unit/test_connector_datadog.py": [
      {
        "type": "Secret Keyword",
        "filename": "tests/unit/test_connector_datadog.py",
        "hashed_secret": "5b5556c05ee55afa3764ac5a66e277c26e4b3308",
        "is_verified": false,
        "line_number": 210
      },
      {
        "type": "Secret Keyword",
        "filename": "tests/unit/test_connector_datadog.py",
        "hashed_secret": "d4495a81bbfd2ddfcee6854bbfb4c216d108f0c2",
        "is_verified": false,
        "line_number": 376
      }
    ],
    "tests/unit/test_connector_docker_engine.py": [
      {
        "type": "Hex High Entropy String",
        "filename": "tests/unit/test_connector_docker_engine.py",
        "hashed_secret": "90bd1b48e958257948487b90bee080ba5ed00caa",
        "is_verified": false,
        "line_number": 67
      }
    ],
    "tests/unit/test_connector_elastic_apm.py": [
      {
        "type": "Secret Keyword",
        "filename": "tests/unit/test_connector_elastic_apm.py",
        "hashed_secret": "3ebe9dc7dc7df70e4cc79e88169df8dda6abaefc",
        "is_verified": false,
        "line_number": 124
      }
    ],
    "tests/unit/test_connector_honeycomb.py": [
      {
        "type": "Secret Keyword",
        "filename": "tests/unit/test_connector_honeycomb.py",
        "hashed_secret": "4ea945afc5293b5795f059d250634265ccc900fd",
        "is_verified": false,
        "line_number": 113
      }
    ],
    "tests/unit/test_connector_nagios.py": [
      {
        "type": "Secret Keyword",
        "filename": "tests/unit/test_connector_nagios.py",
        "hashed_secret": "681535af355230fb8ae6f412ff390d8b0bf3dba6",
        "is_verified": false,
        "line_number": 108
      }
    ],
    "tests/unit/test_connector_newrelic.py": [
      {
        "type": "Secret Keyword",
        "filename": "tests/unit/test_connector_newrelic.py",
        "hashed_secret": "0a4b018640b75153d77de22d778ba8c7b311da77",
        "is_verified": false,
        "line_number": 61
      }
    ],
    "tests/unit/test_connector_normalize.py": [
      {
        "type": "Secret Keyword",
        "filename": "tests/unit/test_connector_normalize.py",
        "hashed_secret": "4d7212bb8c76668a719c1a6da8ce0392009b86a3",
        "is_verified": false,
        "line_number": 362
      },
      {
        "type": "Secret Keyword",
        "filename": "tests/unit/test_connector_normalize.py",
        "hashed_secret": "67f687f7623e24bda87d5cf276820f74bdfed060",
        "is_verified": false,
        "line_number": 369
      }
    ],
    "tests/unit/test_connector_opentsdb.py": [
      {
        "type": "Secret Keyword",
        "filename": "tests/unit/test_connector_opentsdb.py",
        "hashed_secret": "2014b0f4e9fbdc0b5c30a7cf7391d7923830fe81",
        "is_verified": false,
        "line_number": 175
      }
    ],
    "tests/unit/test_connector_rabbitmq.py": [
      {
        "type": "Secret Keyword",
        "filename": "tests/unit/test_connector_rabbitmq.py",
        "hashed_secret": "f0b69ca242e3addb98a69c733a7e260b39dc6fa7",
        "is_verified": false,
        "line_number": 144
      }
    ],
    "tests/unit/test_connector_redfish.py": [
      {
        "type": "Secret Keyword",
        "filename": "tests/unit/test_connector_redfish.py",
        "hashed_secret": "cb654ac8f36f840016f043aa3e4e06796529704d",
        "is_verified": false,
        "line_number": 102
      }
    ],
    "tests/unit/test_connector_sentry.py": [
      {
        "type": "Hex High Entropy String",
        "filename": "tests/unit/test_connector_sentry.py",
        "hashed_secret": "b4c9248600a42f8c38c01b632f392dbcb4c7b19a",
        "is_verified": false,
        "line_number": 86
      }
    ],
    "tests/unit/test_cosign_gitsign.py": [
      {
        "type": "Private Key",
        "filename": "tests/unit/test_cosign_gitsign.py",
        "hashed_secret": "1348b145fa1a555461c1b790a2f66614781091e9",
        "is_verified": false,
        "line_number": 40
      },
      {
        "type": "Private Key",
        "filename": "tests/unit/test_cosign_gitsign.py",
        "hashed_secret": "f0778f3e140a61d5bbbed5430773e52af2f5fba4",
        "is_verified": false,
        "line_number": 57
      },
      {
        "type": "Secret Keyword",
        "filename": "tests/unit/test_cosign_gitsign.py",
        "hashed_secret": "789cbe0407840b1c2041cb33452ff60f19bf58cc",
        "is_verified": false,
        "line_number": 122
      }
    ],
    "tests/unit/test_cosign_gitsign_wiring.py": [
      {
        "type": "Secret Keyword",
        "filename": "tests/unit/test_cosign_gitsign_wiring.py",
        "hashed_secret": "084e87ed5fa0f3bbb28ccd6283e2dd1811b38edd",
        "is_verified": false,
        "line_number": 49
      }
    ],
    "tests/unit/test_db_migrations.py": [
      {
        "type": "Basic Auth Credentials",
        "filename": "tests/unit/test_db_migrations.py",
        "hashed_secret": "9d4e1e23bd5b727046a9e3b4b7db57bd8d6ee684",
        "is_verified": false,
        "line_number": 33
      }
    ],
    "tests/unit/test_db_url_composition.py": [
      {
        "type": "Secret Keyword",
        "filename": "tests/unit/test_db_url_composition.py",
        "hashed_secret": "e5e9fa1ba31ecd1ae84f75caaa474f3a663f05f4",
        "is_verified": false,
        "line_number": 23
      },
      {
        "type": "Basic Auth Credentials",
        "filename": "tests/unit/test_db_url_composition.py",
        "hashed_secret": "9d4e1e23bd5b727046a9e3b4b7db57bd8d6ee684",
        "is_verified": false,
        "line_number": 47
      }
    ],
    "tests/unit/test_env_secrets.py": [
      {
        "type": "Secret Keyword",
        "filename": "tests/unit/test_env_secrets.py",
        "hashed_secret": "24d710aa4c9c617b8f62f70d83210e07294254a8",
        "is_verified": false,
        "line_number": 19
      }
    ],
    "tests/unit/test_gateway_base_url_ssrf.py": [
      {
        "type": "Secret Keyword",
        "filename": "tests/unit/test_gateway_base_url_ssrf.py",
        "hashed_secret": "3acfb2c2b433c0ea7ff107e33df91b18e52f960f",
        "is_verified": false,
        "line_number": 94
      }
    ],
    "tests/unit/test_git_automation_coverage.py": [
      {
        "type": "Hex High Entropy String",
        "filename": "tests/unit/test_git_automation_coverage.py",
        "hashed_secret": "90bd1b48e958257948487b90bee080ba5ed00caa",
        "is_verified": false,
        "line_number": 131
      },
      {
        "type": "Hex High Entropy String",
        "filename": "tests/unit/test_git_automation_coverage.py",
        "hashed_secret": "ddac9d88c224b59388ab6552b5531130c71e0264",
        "is_verified": false,
        "line_number": 188
      }
    ],
    "tests/unit/test_infra_compute.py": [
      {
        "type": "Secret Keyword",
        "filename": "tests/unit/test_infra_compute.py",
        "hashed_secret": "1cdc9979e5891e14d2084fde7705a43b745b3784",
        "is_verified": false,
        "line_number": 73
      },
      {
        "type": "Secret Keyword",
        "filename": "tests/unit/test_infra_compute.py",
        "hashed_secret": "d92490a1457d8b0712a85fe018b3e9fd781816a7",
        "is_verified": false,
        "line_number": 103
      }
    ],
    "tests/unit/test_issue_source_bitbucket_issues.py": [
      {
        "type": "Secret Keyword",
        "filename": "tests/unit/test_issue_source_bitbucket_issues.py",
        "hashed_secret": "85771a7df5a5d65fc808dcc9469b3ae2e445d468",
        "is_verified": false,
        "line_number": 97
      }
    ],
    "tests/unit/test_issue_source_redmine.py": [
      {
        "type": "Secret Keyword",
        "filename": "tests/unit/test_issue_source_redmine.py",
        "hashed_secret": "9ede6d6e8e27fa20e7fb24a0c79c2d18dcd3f817",
        "is_verified": false,
        "line_number": 17
      }
    ],
    "tests/unit/test_issue_source_servicenow.py": [
      {
        "type": "Secret Keyword",
        "filename": "tests/unit/test_issue_source_servicenow.py",
        "hashed_secret": "13af4fe73f4984b28b39893e8f17e81e8e7481e0",
        "is_verified": false,
        "line_number": 90
      }
    ],
    "tests/unit/test_mcp_secrets.py": [
      {
        "type": "Secret Keyword",
        "filename": "tests/unit/test_mcp_secrets.py",
        "hashed_secret": "5f354a82d0504ddfc81cf4b64d33f85508e82dac",
        "is_verified": false,
        "line_number": 64
      },
      {
        "type": "Secret Keyword",
        "filename": "tests/unit/test_mcp_secrets.py",
        "hashed_secret": "31cb8ed5f6dec1bc6d402ac4df7615c42f292423",
        "is_verified": false,
        "line_number": 98
      },
      {
        "type": "Secret Keyword",
        "filename": "tests/unit/test_mcp_secrets.py",
        "hashed_secret": "684ba6c0ced5b3129992f2d52b407e479a604e38",
        "is_verified": false,
        "line_number": 105
      }
    ],
    "tests/unit/test_openrouter_discovery.py": [
      {
        "type": "Secret Keyword",
        "filename": "tests/unit/test_openrouter_discovery.py",
        "hashed_secret": "3acfb2c2b433c0ea7ff107e33df91b18e52f960f",
        "is_verified": false,
        "line_number": 141
      },
      {
        "type": "Secret Keyword",
        "filename": "tests/unit/test_openrouter_discovery.py",
        "hashed_secret": "48854c46907b8f99e4c4c711f3fb7336a93bc290",
        "is_verified": false,
        "line_number": 174
      },
      {
        "type": "Secret Keyword",
        "filename": "tests/unit/test_openrouter_discovery.py",
        "hashed_secret": "ec417f567082612f8fd6afafe1abcab831fca840",
        "is_verified": false,
        "line_number": 386
      }
    ],
    "tests/unit/test_provider_auth.py": [
      {
        "type": "Secret Keyword",
        "filename": "tests/unit/test_provider_auth.py",
        "hashed_secret": "d92490a1457d8b0712a85fe018b3e9fd781816a7",
        "is_verified": false,
        "line_number": 37
      },
      {
        "type": "Secret Keyword",
        "filename": "tests/unit/test_provider_auth.py",
        "hashed_secret": "f2a87ddf40a4a5b8eab123a28d94ae7e94a7e6fd",
        "is_verified": false,
        "line_number": 86
      },
      {
        "type": "Secret Keyword",
        "filename": "tests/unit/test_provider_auth.py",
        "hashed_secret": "dbdab9be92cacdae6a97e8601332bfaa8545800f",
        "is_verified": false,
        "line_number": 180
      },
      {
        "type": "Secret Keyword",
        "filename": "tests/unit/test_provider_auth.py",
        "hashed_secret": "a18e494088a49758c88c9969b0a87c66e7e9d730",
        "is_verified": false,
        "line_number": 190
      }
    ],
    "tests/unit/test_response_cache.py": [
      {
        "type": "Secret Keyword",
        "filename": "tests/unit/test_response_cache.py",
        "hashed_secret": "3acfb2c2b433c0ea7ff107e33df91b18e52f960f",
        "is_verified": false,
        "line_number": 121
      }
    ],
    "tests/unit/test_runtime_packaging.py": [
      {
        "type": "Hex High Entropy String",
        "filename": "tests/unit/test_runtime_packaging.py",
        "hashed_secret": "90bd1b48e958257948487b90bee080ba5ed00caa",
        "is_verified": false,
        "line_number": 359
      }
    ],
    "tests/unit/test_secrets.py": [
      {
        "type": "Secret Keyword",
        "filename": "tests/unit/test_secrets.py",
        "hashed_secret": "f3bbbd66a63d4bf1747940578ec3d0103530e21d",
        "is_verified": false,
        "line_number": 112
      }
    ],
    "tests/unit/test_secrets_wiring_startup.py": [
      {
        "type": "Secret Keyword",
        "filename": "tests/unit/test_secrets_wiring_startup.py",
        "hashed_secret": "f10317c27ca4d2ef628b2690766ceca20f8668ac",
        "is_verified": false,
        "line_number": 44
      },
      {
        "type": "Secret Keyword",
        "filename": "tests/unit/test_secrets_wiring_startup.py",
        "hashed_secret": "69dba6dfc0be932d10cdbfaae770c300cd7e0e3c",
        "is_verified": false,
        "line_number": 113
      }
    ],
    "tests/unit/test_tui_extracted_builders.py": [
      {
        "type": "Hex High Entropy String",
        "filename": "tests/unit/test_tui_extracted_builders.py",
        "hashed_secret": "90bd1b48e958257948487b90bee080ba5ed00caa",
        "is_verified": false,
        "line_number": 362
      }
    ],
    "tests/unit/test_user_config.py": [
      {
        "type": "Secret Keyword",
        "filename": "tests/unit/test_user_config.py",
        "hashed_secret": "e5e9fa1ba31ecd1ae84f75caaa474f3a663f05f4",
        "is_verified": false,
        "line_number": 51
      }
    ]
  },
  "generated_at": "2026-06-18T05:59:48Z"
}
