{
  "version": "1.5.0",
  "plugins_used": [
    {
      "name": "ArtifactoryDetector"
    },
    {
      "name": "AWSKeyDetector"
    },
    {
      "name": "AzureStorageKeyDetector"
    },
    {
      "name": "Base64HighEntropyString",
      "limit": 4.5
    },
    {
      "name": "BasicAuthDetector"
    },
    {
      "name": "CloudantDetector"
    },
    {
      "name": "DiscordBotTokenDetector"
    },
    {
      "name": "GitHubTokenDetector"
    },
    {
      "name": "GitLabTokenDetector"
    },
    {
      "name": "HexHighEntropyString",
      "limit": 3.0
    },
    {
      "name": "IbmCloudIamDetector"
    },
    {
      "name": "IbmCosHmacDetector"
    },
    {
      "name": "IPPublicDetector"
    },
    {
      "name": "JwtTokenDetector"
    },
    {
      "name": "KeywordDetector",
      "keyword_exclude": ""
    },
    {
      "name": "MailchimpDetector"
    },
    {
      "name": "NpmDetector"
    },
    {
      "name": "OpenAIDetector"
    },
    {
      "name": "PrivateKeyDetector"
    },
    {
      "name": "PypiTokenDetector"
    },
    {
      "name": "SendGridDetector"
    },
    {
      "name": "SlackDetector"
    },
    {
      "name": "SoftlayerDetector"
    },
    {
      "name": "SquareOAuthDetector"
    },
    {
      "name": "StripeDetector"
    },
    {
      "name": "TelegramBotTokenDetector"
    },
    {
      "name": "TwilioKeyDetector"
    }
  ],
  "filters_used": [
    {
      "path": "detect_secrets.filters.allowlist.is_line_allowlisted"
    },
    {
      "path": "detect_secrets.filters.common.is_baseline_file",
      "filename": ".secrets.baseline"
    },
    {
      "path": "detect_secrets.filters.common.is_ignored_due_to_verification_policies",
      "min_level": 2
    },
    {
      "path": "detect_secrets.filters.heuristic.is_indirect_reference"
    },
    {
      "path": "detect_secrets.filters.heuristic.is_likely_id_string"
    },
    {
      "path": "detect_secrets.filters.heuristic.is_lock_file"
    },
    {
      "path": "detect_secrets.filters.heuristic.is_not_alphanumeric_string"
    },
    {
      "path": "detect_secrets.filters.heuristic.is_potential_uuid"
    },
    {
      "path": "detect_secrets.filters.heuristic.is_prefixed_with_dollar_sign"
    },
    {
      "path": "detect_secrets.filters.heuristic.is_sequential_string"
    },
    {
      "path": "detect_secrets.filters.heuristic.is_swagger_file"
    },
    {
      "path": "detect_secrets.filters.heuristic.is_templated_secret"
    },
    {
      "path": "detect_secrets.filters.regex.should_exclude_file",
      "pattern": [
        "sandboxcom_github_rsa|sandboxcom_github_rsa.pub"
      ]
    }
  ],
  "results": {
    "config/examples/connectors_example.yml": [
      {
        "type": "Secret Keyword",
        "filename": "config/examples/connectors_example.yml",
        "hashed_secret": "f1e8f48226af816905802bdbd9f4d92a7184b16a",
        "is_verified": false,
        "line_number": 44
      }
    ],
    "config/permissions/build.yml": [
      {
        "type": "Secret Keyword",
        "filename": "config/permissions/build.yml",
        "hashed_secret": "ba2d2bfc8327652b19caa309752e8a69da799570",
        "is_verified": false,
        "line_number": 19
      }
    ],
    "config/permissions/human-admin.yml": [
      {
        "type": "Secret Keyword",
        "filename": "config/permissions/human-admin.yml",
        "hashed_secret": "ba2d2bfc8327652b19caa309752e8a69da799570",
        "is_verified": false,
        "line_number": 16
      }
    ],
    "config/permissions/human-operator.yml": [
      {
        "type": "Secret Keyword",
        "filename": "config/permissions/human-operator.yml",
        "hashed_secret": "ba2d2bfc8327652b19caa309752e8a69da799570",
        "is_verified": false,
        "line_number": 16
      }
    ],
    "config/permissions/human-viewer.yml": [
      {
        "type": "Secret Keyword",
        "filename": "config/permissions/human-viewer.yml",
        "hashed_secret": "ba2d2bfc8327652b19caa309752e8a69da799570",
        "is_verified": false,
        "line_number": 16
      }
    ],
    "config/permissions/primary.yml": [
      {
        "type": "Secret Keyword",
        "filename": "config/permissions/primary.yml",
        "hashed_secret": "ba2d2bfc8327652b19caa309752e8a69da799570",
        "is_verified": false,
        "line_number": 19
      }
    ],
    "config/permissions/subagent.yml": [
      {
        "type": "Secret Keyword",
        "filename": "config/permissions/subagent.yml",
        "hashed_secret": "ba2d2bfc8327652b19caa309752e8a69da799570",
        "is_verified": false,
        "line_number": 16
      }
    ],
    "docs/audit/NEW_FINDINGS_TRIAGE_2026-06-18.md": [
      {
        "type": "Secret Keyword",
        "filename": "docs/audit/NEW_FINDINGS_TRIAGE_2026-06-18.md",
        "hashed_secret": "83015699e20ad26beb89b1dcd0fc4ea4115bc15f",
        "is_verified": false,
        "line_number": 13
      }
    ],
    "docs/audit/batch4_merge_plan.md": [
      {
        "type": "Hex High Entropy String",
        "filename": "docs/audit/batch4_merge_plan.md",
        "hashed_secret": "c4b79d629ffc2a13e16cd6ed89d4916ea48ea526",
        "is_verified": false,
        "line_number": 118
      }
    ],
    "docs/audit/security_tasks_status.md": [
      {
        "type": "Secret Keyword",
        "filename": "docs/audit/security_tasks_status.md",
        "hashed_secret": "c8d8fc82e04a4adb3ee0ceb472d37572bdac77a6",
        "is_verified": false,
        "line_number": 22
      }
    ],
    "docs/azure-iam-setup.md": [
      {
        "type": "Secret Keyword",
        "filename": "docs/azure-iam-setup.md",
        "hashed_secret": "d92490a1457d8b0712a85fe018b3e9fd781816a7",
        "is_verified": false,
        "line_number": 179
      }
    ],
    "docs/configuration.md": [
      {
        "type": "Basic Auth Credentials",
        "filename": "docs/configuration.md",
        "hashed_secret": "5baa61e4c9b93f3f0682250b6cf8331b7ee68fd8",
        "is_verified": false,
        "line_number": 223
      }
    ],
    "docs/design/connector_join_key_normalization.md": [
      {
        "type": "Hex High Entropy String",
        "filename": "docs/design/connector_join_key_normalization.md",
        "hashed_secret": "90bd1b48e958257948487b90bee080ba5ed00caa",
        "is_verified": false,
        "line_number": 316
      }
    ],
    "docs/e2e_harness/BUILD_PLAN.md": [
      {
        "type": "Secret Keyword",
        "filename": "docs/e2e_harness/BUILD_PLAN.md",
        "hashed_secret": "cead1f31292178dbde5d035b8aace4ff3f838d68",
        "is_verified": false,
        "line_number": 59
      }
    ],
    "docs/e2e_harness/DESIGN_local_cloud_providers_e2e.md": [
      {
        "type": "Secret Keyword",
        "filename": "docs/e2e_harness/DESIGN_local_cloud_providers_e2e.md",
        "hashed_secret": "b5c2827eb65bf13b87130e7e3c424ba9ff07cd67",
        "is_verified": false,
        "line_number": 156
      }
    ],
    "docs/model-setup.md": [
      {
        "type": "Secret Keyword",
        "filename": "docs/model-setup.md",
        "hashed_secret": "ec3810e10fb78db55ce38b9c18d1c3eb1db739e0",
        "is_verified": false,
        "line_number": 16
      },
      {
        "type": "Secret Keyword",
        "filename": "docs/model-setup.md",
        "hashed_secret": "02ecb94373bfb3dfe827ca18409f50b016e8302a",
        "is_verified": false,
        "line_number": 29
      },
      {
        "type": "Secret Keyword",
        "filename": "docs/model-setup.md",
        "hashed_secret": "befdf43f48b2dba77336604f6248a2a660a4bc48",
        "is_verified": false,
        "line_number": 82
      },
      {
        "type": "Secret Keyword",
        "filename": "docs/model-setup.md",
        "hashed_secret": "5264067a1346e7acfebddbe220bd0369dfe8f3b7",
        "is_verified": false,
        "line_number": 97
      },
      {
        "type": "Secret Keyword",
        "filename": "docs/model-setup.md",
        "hashed_secret": "0654a028e5aea48c8fbb09871b8f397a186c883b",
        "is_verified": false,
        "line_number": 156
      }
    ],
    "docs/privileges/README.md": [
      {
        "type": "Basic Auth Credentials",
        "filename": "docs/privileges/README.md",
        "hashed_secret": "9d4e1e23bd5b727046a9e3b4b7db57bd8d6ee684",
        "is_verified": false,
        "line_number": 59
      }
    ],
    "docs/privileges/databases.md": [
      {
        "type": "Secret Keyword",
        "filename": "docs/privileges/databases.md",
        "hashed_secret": "c55ecbd79b2b1f5bab4af0d863b337d0627b2eab",
        "is_verified": false,
        "line_number": 29
      },
      {
        "type": "Basic Auth Credentials",
        "filename": "docs/privileges/databases.md",
        "hashed_secret": "c55ecbd79b2b1f5bab4af0d863b337d0627b2eab",
        "is_verified": false,
        "line_number": 36
      },
      {
        "type": "Secret Keyword",
        "filename": "docs/privileges/databases.md",
        "hashed_secret": "d36cf32699486fbd255a10f4535482a5a9fba8f4",
        "is_verified": false,
        "line_number": 70
      },
      {
        "type": "Secret Keyword",
        "filename": "docs/privileges/databases.md",
        "hashed_secret": "59e4ca67d9a43cebb950b3486e8c1f89512a2b78",
        "is_verified": false,
        "line_number": 143
      }
    ],
    "docs/privileges/databases_mq_host.md": [
      {
        "type": "Secret Keyword",
        "filename": "docs/privileges/databases_mq_host.md",
        "hashed_secret": "c55ecbd79b2b1f5bab4af0d863b337d0627b2eab",
        "is_verified": false,
        "line_number": 90
      },
      {
        "type": "Basic Auth Credentials",
        "filename": "docs/privileges/databases_mq_host.md",
        "hashed_secret": "c55ecbd79b2b1f5bab4af0d863b337d0627b2eab",
        "is_verified": false,
        "line_number": 199
      }
    ],
    "docs/privileges/host_os.md": [
      {
        "type": "Secret Keyword",
        "filename": "docs/privileges/host_os.md",
        "hashed_secret": "7205a0abf00d1daec13c63ece029057c974795a9",
        "is_verified": false,
        "line_number": 159
      },
      {
        "type": "Secret Keyword",
        "filename": "docs/privileges/host_os.md",
        "hashed_secret": "10e913b9575e9a551b9bda24f5f755fb4a287370",
        "is_verified": false,
        "line_number": 167
      }
    ],
    "docs/privileges/messaging.md": [
      {
        "type": "Secret Keyword",
        "filename": "docs/privileges/messaging.md",
        "hashed_secret": "c55ecbd79b2b1f5bab4af0d863b337d0627b2eab",
        "is_verified": false,
        "line_number": 64
      },
      {
        "type": "Secret Keyword",
        "filename": "docs/privileges/messaging.md",
        "hashed_secret": "b16b59fb68ddd0312812962a2ff2534164f5513a",
        "is_verified": false,
        "line_number": 71
      }
    ],
    "docs/privileges/metrics_stores.md": [
      {
        "type": "Secret Keyword",
        "filename": "docs/privileges/metrics_stores.md",
        "hashed_secret": "7205a0abf00d1daec13c63ece029057c974795a9",
        "is_verified": false,
        "line_number": 49
      },
      {
        "type": "Secret Keyword",
        "filename": "docs/privileges/metrics_stores.md",
        "hashed_secret": "8516d126156cd8ceb2f23e4b34439f8d1b11bb94",
        "is_verified": false,
        "line_number": 56
      },
      {
        "type": "Secret Keyword",
        "filename": "docs/privileges/metrics_stores.md",
        "hashed_secret": "48bc2e949f6f421217a329d4b464165724559d44",
        "is_verified": false,
        "line_number": 105
      }
    ],
    "docs/privileges/observability_saas.md": [
      {
        "type": "Secret Keyword",
        "filename": "docs/privileges/observability_saas.md",
        "hashed_secret": "4d7212bb8c76668a719c1a6da8ce0392009b86a3",
        "is_verified": false,
        "line_number": 19
      },
      {
        "type": "Secret Keyword",
        "filename": "docs/privileges/observability_saas.md",
        "hashed_secret": "ee977806d7286510da8b9a7492ba58e2484c0ecc",
        "is_verified": false,
        "line_number": 549
      }
    ],
    "docs/research/enumeration_models.md": [
      {
        "type": "Secret Keyword",
        "filename": "docs/research/enumeration_models.md",
        "hashed_secret": "71f8e7976e4cbc4561c9d62fb283e7f788202acb",
        "is_verified": false,
        "line_number": 366
      }
    ],
    "infra/terraform/modules/onboard-iam-gcp/main.tf": [
      {
        "type": "Secret Keyword",
        "filename": "infra/terraform/modules/onboard-iam-gcp/main.tf",
        "hashed_secret": "8f8a2405e56b0cf1df2a99825f743d38693dddd7",
        "is_verified": false,
        "line_number": 63
      }
    ],
    "playbooks/cosign_key_generate.yml": [
      {
        "type": "Secret Keyword",
        "filename": "playbooks/cosign_key_generate.yml",
        "hashed_secret": "9ae68b33acccc9dcdd9c20db2d76f484dd31ce1e",
        "is_verified": false,
        "line_number": 34
      }
    ],
    "scripts/test_release_branch_guard.py": [
      {
        "type": "Hex High Entropy String",
        "filename": "scripts/test_release_branch_guard.py",
        "hashed_secret": "90bd1b48e958257948487b90bee080ba5ed00caa",
        "is_verified": false,
        "line_number": 24
      },
      {
        "type": "Hex High Entropy String",
        "filename": "scripts/test_release_branch_guard.py",
        "hashed_secret": "78cdc9c20de2fa3b64cc62d7f578bdda70d8c60d",
        "is_verified": false,
        "line_number": 25
      }
    ],
    "tests/e2e/test_hot_reload_e2e.py": [
      {
        "type": "Secret Keyword",
        "filename": "tests/e2e/test_hot_reload_e2e.py",
        "hashed_secret": "ec14684b9b882e2aa9abdc4960c720050287e8eb",
        "is_verified": false,
        "line_number": 569
      },
      {
        "type": "Secret Keyword",
        "filename": "tests/e2e/test_hot_reload_e2e.py",
        "hashed_secret": "3d0576f49a8e4d3872eae1497a22cea3b1b39822",
        "is_verified": false,
        "line_number": 1023
      },
      {
        "type": "Secret Keyword",
        "filename": "tests/e2e/test_hot_reload_e2e.py",
        "hashed_secret": "dd65c1b4b3e66e765523873bd29cf5d6d6838189",
        "is_verified": false,
        "line_number": 1110
      }
    ],
    "tests/e2e/test_mcp_integration.py": [
      {
        "type": "Secret Keyword",
        "filename": "tests/e2e/test_mcp_integration.py",
        "hashed_secret": "a94a8fe5ccb19ba61c4c0873d391e987982fbbd3",
        "is_verified": false,
        "line_number": 47
      }
    ],
    "tests/e2e/test_obj13_validation_audit.py": [
      {
        "type": "Base64 High Entropy String",
        "filename": "tests/e2e/test_obj13_validation_audit.py",
        "hashed_secret": "edd2e7ac4f61d0c606e80a0919d727540842a307",
        "is_verified": false,
        "line_number": 183
      },
      {
        "type": "Secret Keyword",
        "filename": "tests/e2e/test_obj13_validation_audit.py",
        "hashed_secret": "edd2e7ac4f61d0c606e80a0919d727540842a307",
        "is_verified": false,
        "line_number": 183
      },
      {
        "type": "GitHub Token",
        "filename": "tests/e2e/test_obj13_validation_audit.py",
        "hashed_secret": "e175c6f5f2a92e8623bd9a4820edb4e8c1b0fd10",
        "is_verified": false,
        "line_number": 234
      }
    ],
    "tests/fixtures/terraform/aws_key_leak_fail/tfplan.json": [
      {
        "type": "AWS Access Key",
        "filename": "tests/fixtures/terraform/aws_key_leak_fail/tfplan.json",
        "hashed_secret": "25910f981e85ca04baf359199dd0bd4a3ae738b6",
        "is_verified": false,
        "line_number": 16
      }
    ],
    "tests/integration/test_secrets_sts_integration.py": [
      {
        "type": "Secret Keyword",
        "filename": "tests/integration/test_secrets_sts_integration.py",
        "hashed_secret": "f3bbbd66a63d4bf1747940578ec3d0103530e21d",
        "is_verified": false,
        "line_number": 38
      }
    ],
    "tests/unit/test_accounting_facet_no_leak.py": [
      {
        "type": "Secret Keyword",
        "filename": "tests/unit/test_accounting_facet_no_leak.py",
        "hashed_secret": "0968766c48f2c68ea4184127a427f4def30f230a",
        "is_verified": false,
        "line_number": 24
      },
      {
        "type": "Basic Auth Credentials",
        "filename": "tests/unit/test_accounting_facet_no_leak.py",
        "hashed_secret": "25ab86bed149ca6ca9c1c0d5db7c9a91388ddeab",
        "is_verified": false,
        "line_number": 24
      }
    ],
    "tests/unit/test_ansible_env_scrub.py": [
      {
        "type": "Secret Keyword",
        "filename": "tests/unit/test_ansible_env_scrub.py",
        "hashed_secret": "7269d5eb463034efe1b4037c90bf84695c9ef841",
        "is_verified": false,
        "line_number": 36
      },
      {
        "type": "Secret Keyword",
        "filename": "tests/unit/test_ansible_env_scrub.py",
        "hashed_secret": "35f11352f0ada21d01afab34205b36bf21d98362",
        "is_verified": false,
        "line_number": 38
      },
      {
        "type": "Secret Keyword",
        "filename": "tests/unit/test_ansible_env_scrub.py",
        "hashed_secret": "15b1192a57a4c0892a43691cf51ec7b939917572",
        "is_verified": false,
        "line_number": 65
      },
      {
        "type": "Secret Keyword",
        "filename": "tests/unit/test_ansible_env_scrub.py",
        "hashed_secret": "3855e88f34428c13a4b11feaa10b207e1906e2c2",
        "is_verified": false,
        "line_number": 155
      }
    ],
    "tests/unit/test_ara.py": [
      {
        "type": "Basic Auth Credentials",
        "filename": "tests/unit/test_ara.py",
        "hashed_secret": "9d4e1e23bd5b727046a9e3b4b7db57bd8d6ee684",
        "is_verified": false,
        "line_number": 24
      }
    ],
    "tests/unit/test_circleci_connector.py": [
      {
        "type": "Hex High Entropy String",
        "filename": "tests/unit/test_circleci_connector.py",
        "hashed_secret": "b4c9248600a42f8c38c01b632f392dbcb4c7b19a",
        "is_verified": false,
        "line_number": 25
      }
    ],
    "tests/unit/test_cli_execution_coverage.py": [
      {
        "type": "Secret Keyword",
        "filename": "tests/unit/test_cli_execution_coverage.py",
        "hashed_secret": "02ecb94373bfb3dfe827ca18409f50b016e8302a",
        "is_verified": false,
        "line_number": 795
      }
    ],
    "tests/unit/test_completion_verifier.py": [
      {
        "type": "Hex High Entropy String",
        "filename": "tests/unit/test_completion_verifier.py",
        "hashed_secret": "ddac9d88c224b59388ab6552b5531130c71e0264",
        "is_verified": false,
        "line_number": 411
      }
    ],
    "tests/unit/test_compute_launch_and_remote_slurm.py": [
      {
        "type": "Secret Keyword",
        "filename": "tests/unit/test_compute_launch_and_remote_slurm.py",
        "hashed_secret": "77fdb69e80170dc3a1a74702481d462052a47c14",
        "is_verified": false,
        "line_number": 185
      },
      {
        "type": "Secret Keyword",
        "filename": "tests/unit/test_compute_launch_and_remote_slurm.py",
        "hashed_secret": "584f3ae6b03df2f5d377bef9ee65ad0e967fd509",
        "is_verified": false,
        "line_number": 209
      },
      {
        "type": "Secret Keyword",
        "filename": "tests/unit/test_compute_launch_and_remote_slurm.py",
        "hashed_secret": "8956265d216d474a080edaa97880d37fc1386f33",
        "is_verified": false,
        "line_number": 483
      },
      {
        "type": "Secret Keyword",
        "filename": "tests/unit/test_compute_launch_and_remote_slurm.py",
        "hashed_secret": "f2b14f68eb995facb3a1c35287b778d5bd785511",
        "is_verified": false,
        "line_number": 488
      },
      {
        "type": "Secret Keyword",
        "filename": "tests/unit/test_compute_launch_and_remote_slurm.py",
        "hashed_secret": "6fa9ef3e1ca98742c99c8e49547257a75e9d8c41",
        "is_verified": false,
        "line_number": 507
      },
      {
        "type": "Secret Keyword",
        "filename": "tests/unit/test_compute_launch_and_remote_slurm.py",
        "hashed_secret": "fe1bae27cb7c1fb823f496f286e78f1d2ae87734",
        "is_verified": false,
        "line_number": 512
      }
    ],
    "tests/unit/test_connector_buildkite.py": [
      {
        "type": "Hex High Entropy String",
        "filename": "tests/unit/test_connector_buildkite.py",
        "hashed_secret": "e4f91dd323bac5bfc4f60a6e433787671dc2421d",
        "is_verified": false,
        "line_number": 17
      }
    ],
    "tests/unit/test_connector_datadog.py": [
      {
        "type": "Secret Keyword",
        "filename": "tests/unit/test_connector_datadog.py",
        "hashed_secret": "5b5556c05ee55afa3764ac5a66e277c26e4b3308",
        "is_verified": false,
        "line_number": 217
      },
      {
        "type": "Secret Keyword",
        "filename": "tests/unit/test_connector_datadog.py",
        "hashed_secret": "d4495a81bbfd2ddfcee6854bbfb4c216d108f0c2",
        "is_verified": false,
        "line_number": 402
      }
    ],
    "tests/unit/test_connector_docker_engine.py": [
      {
        "type": "Hex High Entropy String",
        "filename": "tests/unit/test_connector_docker_engine.py",
        "hashed_secret": "90bd1b48e958257948487b90bee080ba5ed00caa",
        "is_verified": false,
        "line_number": 65
      }
    ],
    "tests/unit/test_connector_elastic_apm.py": [
      {
        "type": "Secret Keyword",
        "filename": "tests/unit/test_connector_elastic_apm.py",
        "hashed_secret": "3ebe9dc7dc7df70e4cc79e88169df8dda6abaefc",
        "is_verified": false,
        "line_number": 124
      }
    ],
    "tests/unit/test_connector_honeycomb.py": [
      {
        "type": "Secret Keyword",
        "filename": "tests/unit/test_connector_honeycomb.py",
        "hashed_secret": "4ea945afc5293b5795f059d250634265ccc900fd",
        "is_verified": false,
        "line_number": 113
      }
    ],
    "tests/unit/test_connector_nagios.py": [
      {
        "type": "Secret Keyword",
        "filename": "tests/unit/test_connector_nagios.py",
        "hashed_secret": "681535af355230fb8ae6f412ff390d8b0bf3dba6",
        "is_verified": false,
        "line_number": 114
      }
    ],
    "tests/unit/test_connector_newrelic.py": [
      {
        "type": "Secret Keyword",
        "filename": "tests/unit/test_connector_newrelic.py",
        "hashed_secret": "0a4b018640b75153d77de22d778ba8c7b311da77",
        "is_verified": false,
        "line_number": 61
      }
    ],
    "tests/unit/test_connector_normalize.py": [
      {
        "type": "Secret Keyword",
        "filename": "tests/unit/test_connector_normalize.py",
        "hashed_secret": "4d7212bb8c76668a719c1a6da8ce0392009b86a3",
        "is_verified": false,
        "line_number": 392
      },
      {
        "type": "Secret Keyword",
        "filename": "tests/unit/test_connector_normalize.py",
        "hashed_secret": "67f687f7623e24bda87d5cf276820f74bdfed060",
        "is_verified": false,
        "line_number": 399
      }
    ],
    "tests/unit/test_connector_opentsdb.py": [
      {
        "type": "Secret Keyword",
        "filename": "tests/unit/test_connector_opentsdb.py",
        "hashed_secret": "2014b0f4e9fbdc0b5c30a7cf7391d7923830fe81",
        "is_verified": false,
        "line_number": 183
      }
    ],
    "tests/unit/test_connector_rabbitmq.py": [
      {
        "type": "Secret Keyword",
        "filename": "tests/unit/test_connector_rabbitmq.py",
        "hashed_secret": "f0b69ca242e3addb98a69c733a7e260b39dc6fa7",
        "is_verified": false,
        "line_number": 150
      }
    ],
    "tests/unit/test_connector_redfish.py": [
      {
        "type": "Secret Keyword",
        "filename": "tests/unit/test_connector_redfish.py",
        "hashed_secret": "cb654ac8f36f840016f043aa3e4e06796529704d",
        "is_verified": false,
        "line_number": 102
      }
    ],
    "tests/unit/test_connector_sentry.py": [
      {
        "type": "Hex High Entropy String",
        "filename": "tests/unit/test_connector_sentry.py",
        "hashed_secret": "b4c9248600a42f8c38c01b632f392dbcb4c7b19a",
        "is_verified": false,
        "line_number": 86
      }
    ],
    "tests/unit/test_cosign_gitsign.py": [
      {
        "type": "Private Key",
        "filename": "tests/unit/test_cosign_gitsign.py",
        "hashed_secret": "1348b145fa1a555461c1b790a2f66614781091e9",
        "is_verified": false,
        "line_number": 40
      },
      {
        "type": "Private Key",
        "filename": "tests/unit/test_cosign_gitsign.py",
        "hashed_secret": "f0778f3e140a61d5bbbed5430773e52af2f5fba4",
        "is_verified": false,
        "line_number": 57
      },
      {
        "type": "Secret Keyword",
        "filename": "tests/unit/test_cosign_gitsign.py",
        "hashed_secret": "789cbe0407840b1c2041cb33452ff60f19bf58cc",
        "is_verified": false,
        "line_number": 122
      }
    ],
    "tests/unit/test_cosign_gitsign_wiring.py": [
      {
        "type": "Secret Keyword",
        "filename": "tests/unit/test_cosign_gitsign_wiring.py",
        "hashed_secret": "084e87ed5fa0f3bbb28ccd6283e2dd1811b38edd",
        "is_verified": false,
        "line_number": 49
      }
    ],
    "tests/unit/test_daemon.py": [
      {
        "type": "Secret Keyword",
        "filename": "tests/unit/test_daemon.py",
        "hashed_secret": "02ecb94373bfb3dfe827ca18409f50b016e8302a",
        "is_verified": false,
        "line_number": 498
      }
    ],
    "tests/unit/test_db_migrations.py": [
      {
        "type": "Basic Auth Credentials",
        "filename": "tests/unit/test_db_migrations.py",
        "hashed_secret": "9d4e1e23bd5b727046a9e3b4b7db57bd8d6ee684",
        "is_verified": false,
        "line_number": 33
      }
    ],
    "tests/unit/test_db_url_composition.py": [
      {
        "type": "Secret Keyword",
        "filename": "tests/unit/test_db_url_composition.py",
        "hashed_secret": "e5e9fa1ba31ecd1ae84f75caaa474f3a663f05f4",
        "is_verified": false,
        "line_number": 23
      },
      {
        "type": "Basic Auth Credentials",
        "filename": "tests/unit/test_db_url_composition.py",
        "hashed_secret": "9d4e1e23bd5b727046a9e3b4b7db57bd8d6ee684",
        "is_verified": false,
        "line_number": 47
      }
    ],
    "tests/unit/test_env_secrets.py": [
      {
        "type": "Secret Keyword",
        "filename": "tests/unit/test_env_secrets.py",
        "hashed_secret": "24d710aa4c9c617b8f62f70d83210e07294254a8",
        "is_verified": false,
        "line_number": 19
      }
    ],
    "tests/unit/test_environment_router.py": [
      {
        "type": "Secret Keyword",
        "filename": "tests/unit/test_environment_router.py",
        "hashed_secret": "90ced6e1e1984a1e998e2553501c7524c18e0727",
        "is_verified": false,
        "line_number": 32
      }
    ],
    "tests/unit/test_gateway_base_url_ssrf.py": [
      {
        "type": "Secret Keyword",
        "filename": "tests/unit/test_gateway_base_url_ssrf.py",
        "hashed_secret": "3acfb2c2b433c0ea7ff107e33df91b18e52f960f",
        "is_verified": false,
        "line_number": 94
      }
    ],
    "tests/unit/test_git_automation_coverage.py": [
      {
        "type": "Hex High Entropy String",
        "filename": "tests/unit/test_git_automation_coverage.py",
        "hashed_secret": "90bd1b48e958257948487b90bee080ba5ed00caa",
        "is_verified": false,
        "line_number": 131
      },
      {
        "type": "Hex High Entropy String",
        "filename": "tests/unit/test_git_automation_coverage.py",
        "hashed_secret": "ddac9d88c224b59388ab6552b5531130c71e0264",
        "is_verified": false,
        "line_number": 188
      }
    ],
    "tests/unit/test_infra_compute.py": [
      {
        "type": "Secret Keyword",
        "filename": "tests/unit/test_infra_compute.py",
        "hashed_secret": "1cdc9979e5891e14d2084fde7705a43b745b3784",
        "is_verified": false,
        "line_number": 76
      },
      {
        "type": "Secret Keyword",
        "filename": "tests/unit/test_infra_compute.py",
        "hashed_secret": "d92490a1457d8b0712a85fe018b3e9fd781816a7",
        "is_verified": false,
        "line_number": 106
      }
    ],
    "tests/unit/test_issue_source_bitbucket_issues.py": [
      {
        "type": "Secret Keyword",
        "filename": "tests/unit/test_issue_source_bitbucket_issues.py",
        "hashed_secret": "85771a7df5a5d65fc808dcc9469b3ae2e445d468",
        "is_verified": false,
        "line_number": 97
      }
    ],
    "tests/unit/test_issue_source_redmine.py": [
      {
        "type": "Secret Keyword",
        "filename": "tests/unit/test_issue_source_redmine.py",
        "hashed_secret": "9ede6d6e8e27fa20e7fb24a0c79c2d18dcd3f817",
        "is_verified": false,
        "line_number": 17
      }
    ],
    "tests/unit/test_issue_source_servicenow.py": [
      {
        "type": "Secret Keyword",
        "filename": "tests/unit/test_issue_source_servicenow.py",
        "hashed_secret": "13af4fe73f4984b28b39893e8f17e81e8e7481e0",
        "is_verified": false,
        "line_number": 90
      }
    ],
    "tests/unit/test_mcp_secrets.py": [
      {
        "type": "Secret Keyword",
        "filename": "tests/unit/test_mcp_secrets.py",
        "hashed_secret": "5f354a82d0504ddfc81cf4b64d33f85508e82dac",
        "is_verified": false,
        "line_number": 64
      },
      {
        "type": "Secret Keyword",
        "filename": "tests/unit/test_mcp_secrets.py",
        "hashed_secret": "31cb8ed5f6dec1bc6d402ac4df7615c42f292423",
        "is_verified": false,
        "line_number": 98
      },
      {
        "type": "Secret Keyword",
        "filename": "tests/unit/test_mcp_secrets.py",
        "hashed_secret": "684ba6c0ced5b3129992f2d52b407e479a604e38",
        "is_verified": false,
        "line_number": 105
      }
    ],
    "tests/unit/test_openrouter_discovery.py": [
      {
        "type": "Secret Keyword",
        "filename": "tests/unit/test_openrouter_discovery.py",
        "hashed_secret": "3acfb2c2b433c0ea7ff107e33df91b18e52f960f",
        "is_verified": false,
        "line_number": 141
      },
      {
        "type": "Secret Keyword",
        "filename": "tests/unit/test_openrouter_discovery.py",
        "hashed_secret": "48854c46907b8f99e4c4c711f3fb7336a93bc290",
        "is_verified": false,
        "line_number": 174
      },
      {
        "type": "Secret Keyword",
        "filename": "tests/unit/test_openrouter_discovery.py",
        "hashed_secret": "ec417f567082612f8fd6afafe1abcab831fca840",
        "is_verified": false,
        "line_number": 386
      }
    ],
    "tests/unit/test_provider_auth.py": [
      {
        "type": "Secret Keyword",
        "filename": "tests/unit/test_provider_auth.py",
        "hashed_secret": "d92490a1457d8b0712a85fe018b3e9fd781816a7",
        "is_verified": false,
        "line_number": 37
      },
      {
        "type": "Secret Keyword",
        "filename": "tests/unit/test_provider_auth.py",
        "hashed_secret": "f2a87ddf40a4a5b8eab123a28d94ae7e94a7e6fd",
        "is_verified": false,
        "line_number": 86
      },
      {
        "type": "Secret Keyword",
        "filename": "tests/unit/test_provider_auth.py",
        "hashed_secret": "dbdab9be92cacdae6a97e8601332bfaa8545800f",
        "is_verified": false,
        "line_number": 180
      },
      {
        "type": "Secret Keyword",
        "filename": "tests/unit/test_provider_auth.py",
        "hashed_secret": "a18e494088a49758c88c9969b0a87c66e7e9d730",
        "is_verified": false,
        "line_number": 190
      }
    ],
    "tests/unit/test_provider_presets.py": [
      {
        "type": "Secret Keyword",
        "filename": "tests/unit/test_provider_presets.py",
        "hashed_secret": "69dba6dfc0be932d10cdbfaae770c300cd7e0e3c",
        "is_verified": false,
        "line_number": 176
      },
      {
        "type": "Secret Keyword",
        "filename": "tests/unit/test_provider_presets.py",
        "hashed_secret": "519f755a6befe974f66c17b176b63f4cbecc1ae7",
        "is_verified": false,
        "line_number": 197
      },
      {
        "type": "Secret Keyword",
        "filename": "tests/unit/test_provider_presets.py",
        "hashed_secret": "2cf0b4a4aef21a8cd6e3e454d9cc186b63e961e6",
        "is_verified": false,
        "line_number": 224
      },
      {
        "type": "Secret Keyword",
        "filename": "tests/unit/test_provider_presets.py",
        "hashed_secret": "d17f1ab3e20d30ec8e0ec98bc91e03091f0573e1",
        "is_verified": false,
        "line_number": 239
      },
      {
        "type": "Secret Keyword",
        "filename": "tests/unit/test_provider_presets.py",
        "hashed_secret": "662c62807453effea3eb0f2426d5e549a63e073d",
        "is_verified": false,
        "line_number": 246
      },
      {
        "type": "Secret Keyword",
        "filename": "tests/unit/test_provider_presets.py",
        "hashed_secret": "f93640458964af294a485bc6d597694cf3308e1f",
        "is_verified": false,
        "line_number": 259
      },
      {
        "type": "Secret Keyword",
        "filename": "tests/unit/test_provider_presets.py",
        "hashed_secret": "7e8771ea98be1c438fc79ab7d926dbf388a7c044",
        "is_verified": false,
        "line_number": 283
      },
      {
        "type": "Secret Keyword",
        "filename": "tests/unit/test_provider_presets.py",
        "hashed_secret": "c5fb78aeca97025035c3dc7410041cdc2e294f55",
        "is_verified": false,
        "line_number": 284
      },
      {
        "type": "Secret Keyword",
        "filename": "tests/unit/test_provider_presets.py",
        "hashed_secret": "926c6fb1c7b27f9fbb677e06e2bfe08e0366f646",
        "is_verified": false,
        "line_number": 285
      },
      {
        "type": "Secret Keyword",
        "filename": "tests/unit/test_provider_presets.py",
        "hashed_secret": "0aa9bed3cabc3d10df9db8c9b0eca87bb65adf69",
        "is_verified": false,
        "line_number": 297
      }
    ],
    "tests/unit/test_response_cache.py": [
      {
        "type": "Secret Keyword",
        "filename": "tests/unit/test_response_cache.py",
        "hashed_secret": "3acfb2c2b433c0ea7ff107e33df91b18e52f960f",
        "is_verified": false,
        "line_number": 145
      }
    ],
    "tests/unit/test_runtime_packaging.py": [
      {
        "type": "Hex High Entropy String",
        "filename": "tests/unit/test_runtime_packaging.py",
        "hashed_secret": "90bd1b48e958257948487b90bee080ba5ed00caa",
        "is_verified": false,
        "line_number": 359
      }
    ],
    "tests/unit/test_secrets.py": [
      {
        "type": "Secret Keyword",
        "filename": "tests/unit/test_secrets.py",
        "hashed_secret": "f3bbbd66a63d4bf1747940578ec3d0103530e21d",
        "is_verified": false,
        "line_number": 154
      }
    ],
    "tests/unit/test_secrets_wiring_startup.py": [
      {
        "type": "Secret Keyword",
        "filename": "tests/unit/test_secrets_wiring_startup.py",
        "hashed_secret": "f10317c27ca4d2ef628b2690766ceca20f8668ac",
        "is_verified": false,
        "line_number": 44
      },
      {
        "type": "Secret Keyword",
        "filename": "tests/unit/test_secrets_wiring_startup.py",
        "hashed_secret": "69dba6dfc0be932d10cdbfaae770c300cd7e0e3c",
        "is_verified": false,
        "line_number": 113
      }
    ],
    "tests/unit/test_self_update_apply_plan.py": [
      {
        "type": "Secret Keyword",
        "filename": "tests/unit/test_self_update_apply_plan.py",
        "hashed_secret": "dd606cd49bbbd06b4c2606fc2449f8fb87975786",
        "is_verified": false,
        "line_number": 91
      },
      {
        "type": "Secret Keyword",
        "filename": "tests/unit/test_self_update_apply_plan.py",
        "hashed_secret": "5857e2b2c578a787c68a5dc167ca2b7394ea34b1",
        "is_verified": false,
        "line_number": 118
      },
      {
        "type": "Secret Keyword",
        "filename": "tests/unit/test_self_update_apply_plan.py",
        "hashed_secret": "594ee419ab8a6ac2c186c494e30505162c66aa76",
        "is_verified": false,
        "line_number": 172
      }
    ],
    "tests/unit/test_signing_output_dir_confinement.py": [
      {
        "type": "Secret Keyword",
        "filename": "tests/unit/test_signing_output_dir_confinement.py",
        "hashed_secret": "c93d9822e4b38c0b1419041088a9418be01634da",
        "is_verified": false,
        "line_number": 131
      }
    ],
    "tests/unit/test_skill_embeddings.py": [
      {
        "type": "Secret Keyword",
        "filename": "tests/unit/test_skill_embeddings.py",
        "hashed_secret": "e9b4dce312643ee0e1bd0561a50d9d5a7e5a2be1",
        "is_verified": false,
        "line_number": 212
      }
    ],
    "tests/unit/test_tui_extracted_builders.py": [
      {
        "type": "Hex High Entropy String",
        "filename": "tests/unit/test_tui_extracted_builders.py",
        "hashed_secret": "90bd1b48e958257948487b90bee080ba5ed00caa",
        "is_verified": false,
        "line_number": 362
      }
    ],
    "tests/unit/test_user_config.py": [
      {
        "type": "Secret Keyword",
        "filename": "tests/unit/test_user_config.py",
        "hashed_secret": "e5e9fa1ba31ecd1ae84f75caaa474f3a663f05f4",
        "is_verified": false,
        "line_number": 51
      }
    ],
    "tests/unit/test_zai_secrets_resolution.py": [
      {
        "type": "Secret Keyword",
        "filename": "tests/unit/test_zai_secrets_resolution.py",
        "hashed_secret": "9a23a73394cf29b597e4d669fdc6ea9f56a8172c",
        "is_verified": false,
        "line_number": 17
      },
      {
        "type": "Secret Keyword",
        "filename": "tests/unit/test_zai_secrets_resolution.py",
        "hashed_secret": "e876c299722cfb62ba4e0b675e17d0c5a789a199",
        "is_verified": false,
        "line_number": 29
      },
      {
        "type": "Secret Keyword",
        "filename": "tests/unit/test_zai_secrets_resolution.py",
        "hashed_secret": "bea2f7b64fab8d1d414d0449530b1e088d36d5b1",
        "is_verified": false,
        "line_number": 35
      }
    ]
  },
  "generated_at": "2026-07-03T19:20:38Z"
}
